[    0.000000] Initializing cgroup subsys cpuset
[    0.000000] Initializing cgroup subsys cpu
[    0.000000] Initializing cgroup subsys cpuacct
[    0.000000] Linux version 4.4.0-22-generic (buildd@lgw01-41) (gcc version 5.3.1 20160413 (Ubuntu 5.3.1-14ubuntu2) ) #40-Ubuntu SMP Thu May 12 22:03:46 UTC 2016 (Ubuntu 4.4.0-22.40-generic 4.4.8)
[    0.000000] Command line: BOOT_IMAGE=/boot/vmlinuz-4.4.0-22-generic.efi.signed root=UUID=2d723afa-d884-478f-87f3-29d27ac16e64 ro quiet splash vt.handoff=7
[    0.000000] KERNEL supported cpus:
[    0.000000]   Intel GenuineIntel
[    0.000000]   AMD AuthenticAMD
[    0.000000]   Centaur CentaurHauls
[    0.000000] x86/fpu: xstate_offset[2]:  576, xstate_sizes[2]:  256
[    0.000000] x86/fpu: Supporting XSAVE feature 0x01: 'x87 floating point registers'
[    0.000000] x86/fpu: Supporting XSAVE feature 0x02: 'SSE registers'
[    0.000000] x86/fpu: Supporting XSAVE feature 0x04: 'AVX registers'
[    0.000000] x86/fpu: Enabled xstate features 0x7, context size is 832 bytes, using 'standard' format.
[    0.000000] x86/fpu: Using 'eager' FPU context switches.
[    0.000000] e820: BIOS-provided physical RAM map:
[    0.000000] BIOS-e820: [mem 0x0000000000000000-0x0000000000057fff] usable
[    0.000000] BIOS-e820: [mem 0x0000000000058000-0x0000000000058fff] reserved
[    0.000000] BIOS-e820: [mem 0x0000000000059000-0x000000000009dfff] usable
[    0.000000] BIOS-e820: [mem 0x000000000009e000-0x000000000009ffff] reserved
[    0.000000] BIOS-e820: [mem 0x0000000000100000-0x00000000b9c69fff] usable
[    0.000000] BIOS-e820: [mem 0x00000000b9c6a000-0x00000000b9c70fff] ACPI NVS
[    0.000000] BIOS-e820: [mem 0x00000000b9c71000-0x00000000ba49ffff] usable
[    0.000000] BIOS-e820: [mem 0x00000000ba4a0000-0x00000000ba724fff] reserved
[    0.000000] BIOS-e820: [mem 0x00000000ba725000-0x00000000c991efff] usable
[    0.000000] BIOS-e820: [mem 0x00000000c991f000-0x00000000c9b24fff] reserved
[    0.000000] BIOS-e820: [mem 0x00000000c9b25000-0x00000000c9e59fff] usable
[    0.000000] BIOS-e820: [mem 0x00000000c9e5a000-0x00000000cab56fff] ACPI NVS
[    0.000000] BIOS-e820: [mem 0x00000000cab57000-0x00000000caffefff] reserved
[    0.000000] BIOS-e820: [mem 0x00000000cafff000-0x00000000caffffff] usable
[    0.000000] BIOS-e820: [mem 0x00000000cbc00000-0x00000000cfdfffff] reserved
[    0.000000] BIOS-e820: [mem 0x00000000f8000000-0x00000000fbffffff] reserved
[    0.000000] BIOS-e820: [mem 0x00000000fec00000-0x00000000fec00fff] reserved
[    0.000000] BIOS-e820: [mem 0x00000000fed00000-0x00000000fed03fff] reserved
[    0.000000] BIOS-e820: [mem 0x00000000fed1c000-0x00000000fed1ffff] reserved
[    0.000000] BIOS-e820: [mem 0x00000000fee00000-0x00000000fee00fff] reserved
[    0.000000] BIOS-e820: [mem 0x00000000ff000000-0x00000000ffffffff] reserved
[    0.000000] BIOS-e820: [mem 0x0000000100000000-0x000000022f1fffff] usable
[    0.000000] NX (Execute Disable) protection: active
[    0.000000] e820: update [mem 0xb991d018-0xb992b657] usable ==> usable
[    0.000000] extended physical RAM map:
[    0.000000] reserve setup_data: [mem 0x0000000000000000-0x0000000000057fff] usable
[    0.000000] reserve setup_data: [mem 0x0000000000058000-0x0000000000058fff] reserved
[    0.000000] reserve setup_data: [mem 0x0000000000059000-0x000000000009dfff] usable
[    0.000000] reserve setup_data: [mem 0x000000000009e000-0x000000000009ffff] reserved
[    0.000000] reserve setup_data: [mem 0x0000000000100000-0x00000000b991d017] usable
[    0.000000] reserve setup_data: [mem 0x00000000b991d018-0x00000000b992b657] usable
[    0.000000] reserve setup_data: [mem 0x00000000b992b658-0x00000000b9c69fff] usable
[    0.000000] reserve setup_data: [mem 0x00000000b9c6a000-0x00000000b9c70fff] ACPI NVS
[    0.000000] reserve setup_data: [mem 0x00000000b9c71000-0x00000000ba49ffff] usable
[    0.000000] reserve setup_data: [mem 0x00000000ba4a0000-0x00000000ba724fff] reserved
[    0.000000] reserve setup_data: [mem 0x00000000ba725000-0x00000000c991efff] usable
[    0.000000] reserve setup_data: [mem 0x00000000c991f000-0x00000000c9b24fff] reserved
[    0.000000] reserve setup_data: [mem 0x00000000c9b25000-0x00000000c9e59fff] usable
[    0.000000] reserve setup_data: [mem 0x00000000c9e5a000-0x00000000cab56fff] ACPI NVS
[    0.000000] reserve setup_data: [mem 0x00000000cab57000-0x00000000caffefff] reserved
[    0.000000] reserve setup_data: [mem 0x00000000cafff000-0x00000000caffffff] usable
[    0.000000] reserve setup_data: [mem 0x00000000cbc00000-0x00000000cfdfffff] reserved
[    0.000000] reserve setup_data: [mem 0x00000000f8000000-0x00000000fbffffff] reserved
[    0.000000] reserve setup_data: [mem 0x00000000fec00000-0x00000000fec00fff] reserved
[    0.000000] reserve setup_data: [mem 0x00000000fed00000-0x00000000fed03fff] reserved
[    0.000000] reserve setup_data: [mem 0x00000000fed1c000-0x00000000fed1ffff] reserved
[    0.000000] reserve setup_data: [mem 0x00000000fee00000-0x00000000fee00fff] reserved
[    0.000000] reserve setup_data: [mem 0x00000000ff000000-0x00000000ffffffff] reserved
[    0.000000] reserve setup_data: [mem 0x0000000100000000-0x000000022f1fffff] usable
[    0.000000] efi: EFI v2.31 by American Megatrends
[    0.000000] efi:  ACPI 2.0=0xc9ee2000  ACPI=0xc9ee2000  SMBIOS=0xcaf5c418 
[    0.000000] SMBIOS 2.7 present.
[    0.000000] DMI: ASUSTeK COMPUTER INC. N550JV/N550JV, BIOS N550JV.204 05/14/2013
[    0.000000] e820: update [mem 0x00000000-0x00000fff] usable ==> reserved
[    0.000000] e820: remove [mem 0x000a0000-0x000fffff] usable
[    0.000000] e820: last_pfn = 0x22f200 max_arch_pfn = 0x400000000
[    0.000000] MTRR default type: uncachable
[    0.000000] MTRR fixed ranges enabled:
[    0.000000]   00000-9FFFF write-back
[    0.000000]   A0000-DFFFF uncachable
[    0.000000]   E0000-FFFFF write-protect
[    0.000000] MTRR variable ranges enabled:
[    0.000000]   0 base 0000000000 mask 7E00000000 write-back
[    0.000000]   1 base 0200000000 mask 7FE0000000 write-back
[    0.000000]   2 base 0220000000 mask 7FF0000000 write-back
[    0.000000]   3 base 00E0000000 mask 7FE0000000 uncachable
[    0.000000]   4 base 00D0000000 mask 7FF0000000 uncachable
[    0.000000]   5 base 00CC000000 mask 7FFC000000 uncachable
[    0.000000]   6 base 00CBC00000 mask 7FFFC00000 uncachable
[    0.000000]   7 base 022F800000 mask 7FFF800000 uncachable
[    0.000000]   8 base 022F400000 mask 7FFFC00000 uncachable
[    0.000000]   9 base 022F200000 mask 7FFFE00000 uncachable
[    0.000000] x86/PAT: Configuration [0-7]: WB  WC  UC- UC  WB  WC  UC- WT  
[    0.000000] original variable MTRRs
[    0.000000] reg 0, base: 0GB, range: 8GB, type WB
[    0.000000] reg 1, base: 8GB, range: 512MB, type WB
[    0.000000] reg 2, base: 8704MB, range: 256MB, type WB
[    0.000000] reg 3, base: 3584MB, range: 512MB, type UC
[    0.000000] reg 4, base: 3328MB, range: 256MB, type UC
[    0.000000] reg 5, base: 3264MB, range: 64MB, type UC
[    0.000000] reg 6, base: 3260MB, range: 4MB, type UC
[    0.000000] reg 7, base: 8952MB, range: 8MB, type UC
[    0.000000] reg 8, base: 8948MB, range: 4MB, type UC
[    0.000000] reg 9, base: 8946MB, range: 2MB, type UC
[    0.000000] total RAM covered: 8110M
[    0.000000]  gran_size: 64K 	chunk_size: 64K 	num_reg: 10  	lose cover RAM: 114M
[    0.000000]  gran_size: 64K 	chunk_size: 128K 	num_reg: 10  	lose cover RAM: 114M
[    0.000000]  gran_size: 64K 	chunk_size: 256K 	num_reg: 10  	lose cover RAM: 114M
[    0.000000]  gran_size: 64K 	chunk_size: 512K 	num_reg: 10  	lose cover RAM: 114M
[    0.000000]  gran_size: 64K 	chunk_size: 1M 	num_reg: 10  	lose cover RAM: 114M
[    0.000000]  gran_size: 64K 	chunk_size: 2M 	num_reg: 10  	lose cover RAM: 114M
[    0.000000]  gran_size: 64K 	chunk_size: 4M 	num_reg: 10  	lose cover RAM: 114M
[    0.000000]  gran_size: 64K 	chunk_size: 8M 	num_reg: 10  	lose cover RAM: 18M
[    0.000000] *BAD*gran_size: 64K 	chunk_size: 16M 	num_reg: 10  	lose cover RAM: -8M
[    0.000000] *BAD*gran_size: 64K 	chunk_size: 32M 	num_reg: 10  	lose cover RAM: -8M
[    0.000000] *BAD*gran_size: 64K 	chunk_size: 64M 	num_reg: 10  	lose cover RAM: -8M
[    0.000000] *BAD*gran_size: 64K 	chunk_size: 128M 	num_reg: 10  	lose cover RAM: -8M
[    0.000000] *BAD*gran_size: 64K 	chunk_size: 256M 	num_reg: 10  	lose cover RAM: -8M
[    0.000000] *BAD*gran_size: 64K 	chunk_size: 512M 	num_reg: 10  	lose cover RAM: -264M
[    0.000000] *BAD*gran_size: 64K 	chunk_size: 1G 	num_reg: 10  	lose cover RAM: -256M
[    0.000000] *BAD*gran_size: 64K 	chunk_size: 2G 	num_reg: 10  	lose cover RAM: -1280M
[    0.000000]  gran_size: 128K 	chunk_size: 128K 	num_reg: 10  	lose cover RAM: 114M
[    0.000000]  gran_size: 128K 	chunk_size: 256K 	num_reg: 10  	lose cover RAM: 114M
[    0.000000]  gran_size: 128K 	chunk_size: 512K 	num_reg: 10  	lose cover RAM: 114M
[    0.000000]  gran_size: 128K 	chunk_size: 1M 	num_reg: 10  	lose cover RAM: 114M
[    0.000000]  gran_size: 128K 	chunk_size: 2M 	num_reg: 10  	lose cover RAM: 114M
[    0.000000]  gran_size: 128K 	chunk_size: 4M 	num_reg: 10  	lose cover RAM: 114M
[    0.000000]  gran_size: 128K 	chunk_size: 8M 	num_reg: 10  	lose cover RAM: 18M
[    0.000000] *BAD*gran_size: 128K 	chunk_size: 16M 	num_reg: 10  	lose cover RAM: -8M
[    0.000000] *BAD*gran_size: 128K 	chunk_size: 32M 	num_reg: 10  	lose cover RAM: -8M
[    0.000000] *BAD*gran_size: 128K 	chunk_size: 64M 	num_reg: 10  	lose cover RAM: -8M
[    0.000000] *BAD*gran_size: 128K 	chunk_size: 128M 	num_reg: 10  	lose cover RAM: -8M
[    0.000000] *BAD*gran_size: 128K 	chunk_size: 256M 	num_reg: 10  	lose cover RAM: -8M
[    0.000000] *BAD*gran_size: 128K 	chunk_size: 512M 	num_reg: 10  	lose cover RAM: -264M
[    0.000000] *BAD*gran_size: 128K 	chunk_size: 1G 	num_reg: 10  	lose cover RAM: -256M
[    0.000000] *BAD*gran_size: 128K 	chunk_size: 2G 	num_reg: 10  	lose cover RAM: -1280M
[    0.000000]  gran_size: 256K 	chunk_size: 256K 	num_reg: 10  	lose cover RAM: 114M
[    0.000000]  gran_size: 256K 	chunk_size: 512K 	num_reg: 10  	lose cover RAM: 114M
[    0.000000]  gran_size: 256K 	chunk_size: 1M 	num_reg: 10  	lose cover RAM: 114M
[    0.000000]  gran_size: 256K 	chunk_size: 2M 	num_reg: 10  	lose cover RAM: 114M
[    0.000000]  gran_size: 256K 	chunk_size: 4M 	num_reg: 10  	lose cover RAM: 114M
[    0.000000]  gran_size: 256K 	chunk_size: 8M 	num_reg: 10  	lose cover RAM: 18M
[    0.000000] *BAD*gran_size: 256K 	chunk_size: 16M 	num_reg: 10  	lose cover RAM: -8M
[    0.000000] *BAD*gran_size: 256K 	chunk_size: 32M 	num_reg: 10  	lose cover RAM: -8M
[    0.000000] *BAD*gran_size: 256K 	chunk_size: 64M 	num_reg: 10  	lose cover RAM: -8M
[    0.000000] *BAD*gran_size: 256K 	chunk_size: 128M 	num_reg: 10  	lose cover RAM: -8M
[    0.000000] *BAD*gran_size: 256K 	chunk_size: 256M 	num_reg: 10  	lose cover RAM: -8M
[    0.000000] *BAD*gran_size: 256K 	chunk_size: 512M 	num_reg: 10  	lose cover RAM: -264M
[    0.000000] *BAD*gran_size: 256K 	chunk_size: 1G 	num_reg: 10  	lose cover RAM: -256M
[    0.000000] *BAD*gran_size: 256K 	chunk_size: 2G 	num_reg: 10  	lose cover RAM: -1280M
[    0.000000]  gran_size: 512K 	chunk_size: 512K 	num_reg: 10  	lose cover RAM: 114M
[    0.000000]  gran_size: 512K 	chunk_size: 1M 	num_reg: 10  	lose cover RAM: 114M
[    0.000000]  gran_size: 512K 	chunk_size: 2M 	num_reg: 10  	lose cover RAM: 114M
[    0.000000]  gran_size: 512K 	chunk_size: 4M 	num_reg: 10  	lose cover RAM: 114M
[    0.000000]  gran_size: 512K 	chunk_size: 8M 	num_reg: 10  	lose cover RAM: 18M
[    0.000000] *BAD*gran_size: 512K 	chunk_size: 16M 	num_reg: 10  	lose cover RAM: -8M
[    0.000000] *BAD*gran_size: 512K 	chunk_size: 32M 	num_reg: 10  	lose cover RAM: -8M
[    0.000000] *BAD*gran_size: 512K 	chunk_size: 64M 	num_reg: 10  	lose cover RAM: -8M
[    0.000000] *BAD*gran_size: 512K 	chunk_size: 128M 	num_reg: 10  	lose cover RAM: -8M
[    0.000000] *BAD*gran_size: 512K 	chunk_size: 256M 	num_reg: 10  	lose cover RAM: -8M
[    0.000000] *BAD*gran_size: 512K 	chunk_size: 512M 	num_reg: 10  	lose cover RAM: -264M
[    0.000000] *BAD*gran_size: 512K 	chunk_size: 1G 	num_reg: 10  	lose cover RAM: -256M
[    0.000000] *BAD*gran_size: 512K 	chunk_size: 2G 	num_reg: 10  	lose cover RAM: -1280M
[    0.000000]  gran_size: 1M 	chunk_size: 1M 	num_reg: 10  	lose cover RAM: 114M
[    0.000000]  gran_size: 1M 	chunk_size: 2M 	num_reg: 10  	lose cover RAM: 114M
[    0.000000]  gran_size: 1M 	chunk_size: 4M 	num_reg: 10  	lose cover RAM: 114M
[    0.000000]  gran_size: 1M 	chunk_size: 8M 	num_reg: 10  	lose cover RAM: 18M
[    0.000000] *BAD*gran_size: 1M 	chunk_size: 16M 	num_reg: 10  	lose cover RAM: -8M
[    0.000000] *BAD*gran_size: 1M 	chunk_size: 32M 	num_reg: 10  	lose cover RAM: -8M
[    0.000000] *BAD*gran_size: 1M 	chunk_size: 64M 	num_reg: 10  	lose cover RAM: -8M
[    0.000000] *BAD*gran_size: 1M 	chunk_size: 128M 	num_reg: 10  	lose cover RAM: -8M
[    0.000000] *BAD*gran_size: 1M 	chunk_size: 256M 	num_reg: 10  	lose cover RAM: -8M
[    0.000000] *BAD*gran_size: 1M 	chunk_size: 512M 	num_reg: 10  	lose cover RAM: -264M
[    0.000000] *BAD*gran_size: 1M 	chunk_size: 1G 	num_reg: 10  	lose cover RAM: -256M
[    0.000000] *BAD*gran_size: 1M 	chunk_size: 2G 	num_reg: 10  	lose cover RAM: -1280M
[    0.000000]  gran_size: 2M 	chunk_size: 2M 	num_reg: 10  	lose cover RAM: 114M
[    0.000000]  gran_size: 2M 	chunk_size: 4M 	num_reg: 10  	lose cover RAM: 114M
[    0.000000]  gran_size: 2M 	chunk_size: 8M 	num_reg: 10  	lose cover RAM: 18M
[    0.000000] *BAD*gran_size: 2M 	chunk_size: 16M 	num_reg: 10  	lose cover RAM: -8M
[    0.000000] *BAD*gran_size: 2M 	chunk_size: 32M 	num_reg: 10  	lose cover RAM: -8M
[    0.000000] *BAD*gran_size: 2M 	chunk_size: 64M 	num_reg: 10  	lose cover RAM: -8M
[    0.000000] *BAD*gran_size: 2M 	chunk_size: 128M 	num_reg: 10  	lose cover RAM: -8M
[    0.000000] *BAD*gran_size: 2M 	chunk_size: 256M 	num_reg: 10  	lose cover RAM: -8M
[    0.000000] *BAD*gran_size: 2M 	chunk_size: 512M 	num_reg: 10  	lose cover RAM: -264M
[    0.000000] *BAD*gran_size: 2M 	chunk_size: 1G 	num_reg: 10  	lose cover RAM: -256M
[    0.000000] *BAD*gran_size: 2M 	chunk_size: 2G 	num_reg: 10  	lose cover RAM: -1280M
[    0.000000]  gran_size: 4M 	chunk_size: 4M 	num_reg: 10  	lose cover RAM: 114M
[    0.000000]  gran_size: 4M 	chunk_size: 8M 	num_reg: 10  	lose cover RAM: 18M
[    0.000000]  gran_size: 4M 	chunk_size: 16M 	num_reg: 10  	lose cover RAM: 18M
[    0.000000]  gran_size: 4M 	chunk_size: 32M 	num_reg: 9  	lose cover RAM: 2M
[    0.000000]  gran_size: 4M 	chunk_size: 64M 	num_reg: 9  	lose cover RAM: 2M
[    0.000000]  gran_size: 4M 	chunk_size: 128M 	num_reg: 9  	lose cover RAM: 2M
[    0.000000]  gran_size: 4M 	chunk_size: 256M 	num_reg: 9  	lose cover RAM: 2M
[    0.000000]  gran_size: 4M 	chunk_size: 512M 	num_reg: 10  	lose cover RAM: 2M
[    0.000000]  gran_size: 4M 	chunk_size: 1G 	num_reg: 9  	lose cover RAM: 2M
[    0.000000]  gran_size: 4M 	chunk_size: 2G 	num_reg: 10  	lose cover RAM: 2M
[    0.000000]  gran_size: 8M 	chunk_size: 8M 	num_reg: 10  	lose cover RAM: 54M
[    0.000000]  gran_size: 8M 	chunk_size: 16M 	num_reg: 10  	lose cover RAM: 22M
[    0.000000]  gran_size: 8M 	chunk_size: 32M 	num_reg: 9  	lose cover RAM: 6M
[    0.000000]  gran_size: 8M 	chunk_size: 64M 	num_reg: 9  	lose cover RAM: 6M
[    0.000000]  gran_size: 8M 	chunk_size: 128M 	num_reg: 9  	lose cover RAM: 6M
[    0.000000]  gran_size: 8M 	chunk_size: 256M 	num_reg: 9  	lose cover RAM: 6M
[    0.000000]  gran_size: 8M 	chunk_size: 512M 	num_reg: 10  	lose cover RAM: 6M
[    0.000000]  gran_size: 8M 	chunk_size: 1G 	num_reg: 9  	lose cover RAM: 6M
[    0.000000]  gran_size: 8M 	chunk_size: 2G 	num_reg: 10  	lose cover RAM: 6M
[    0.000000]  gran_size: 16M 	chunk_size: 16M 	num_reg: 10  	lose cover RAM: 30M
[    0.000000]  gran_size: 16M 	chunk_size: 32M 	num_reg: 9  	lose cover RAM: 14M
[    0.000000]  gran_size: 16M 	chunk_size: 64M 	num_reg: 9  	lose cover RAM: 14M
[    0.000000]  gran_size: 16M 	chunk_size: 128M 	num_reg: 9  	lose cover RAM: 14M
[    0.000000]  gran_size: 16M 	chunk_size: 256M 	num_reg: 9  	lose cover RAM: 14M
[    0.000000]  gran_size: 16M 	chunk_size: 512M 	num_reg: 10  	lose cover RAM: 14M
[    0.000000]  gran_size: 16M 	chunk_size: 1G 	num_reg: 9  	lose cover RAM: 14M
[    0.000000]  gran_size: 16M 	chunk_size: 2G 	num_reg: 10  	lose cover RAM: 14M
[    0.000000]  gran_size: 32M 	chunk_size: 32M 	num_reg: 9  	lose cover RAM: 46M
[    0.000000]  gran_size: 32M 	chunk_size: 64M 	num_reg: 9  	lose cover RAM: 46M
[    0.000000]  gran_size: 32M 	chunk_size: 128M 	num_reg: 9  	lose cover RAM: 46M
[    0.000000]  gran_size: 32M 	chunk_size: 256M 	num_reg: 9  	lose cover RAM: 46M
[    0.000000]  gran_size: 32M 	chunk_size: 512M 	num_reg: 10  	lose cover RAM: 46M
[    0.000000]  gran_size: 32M 	chunk_size: 1G 	num_reg: 9  	lose cover RAM: 46M
[    0.000000]  gran_size: 32M 	chunk_size: 2G 	num_reg: 10  	lose cover RAM: 46M
[    0.000000]  gran_size: 64M 	chunk_size: 64M 	num_reg: 7  	lose cover RAM: 110M
[    0.000000]  gran_size: 64M 	chunk_size: 128M 	num_reg: 7  	lose cover RAM: 110M
[    0.000000]  gran_size: 64M 	chunk_size: 256M 	num_reg: 8  	lose cover RAM: 110M
[    0.000000]  gran_size: 64M 	chunk_size: 512M 	num_reg: 9  	lose cover RAM: 110M
[    0.000000]  gran_size: 64M 	chunk_size: 1G 	num_reg: 8  	lose cover RAM: 110M
[    0.000000]  gran_size: 64M 	chunk_size: 2G 	num_reg: 9  	lose cover RAM: 110M
[    0.000000]  gran_size: 128M 	chunk_size: 128M 	num_reg: 6  	lose cover RAM: 174M
[    0.000000]  gran_size: 128M 	chunk_size: 256M 	num_reg: 8  	lose cover RAM: 174M
[    0.000000]  gran_size: 128M 	chunk_size: 512M 	num_reg: 9  	lose cover RAM: 174M
[    0.000000]  gran_size: 128M 	chunk_size: 1G 	num_reg: 8  	lose cover RAM: 174M
[    0.000000]  gran_size: 128M 	chunk_size: 2G 	num_reg: 9  	lose cover RAM: 174M
[    0.000000]  gran_size: 256M 	chunk_size: 256M 	num_reg: 4  	lose cover RAM: 430M
[    0.000000]  gran_size: 256M 	chunk_size: 512M 	num_reg: 4  	lose cover RAM: 430M
[    0.000000]  gran_size: 256M 	chunk_size: 1G 	num_reg: 5  	lose cover RAM: 430M
[    0.000000]  gran_size: 256M 	chunk_size: 2G 	num_reg: 6  	lose cover RAM: 430M
[    0.000000]  gran_size: 512M 	chunk_size: 512M 	num_reg: 4  	lose cover RAM: 430M
[    0.000000]  gran_size: 512M 	chunk_size: 1G 	num_reg: 5  	lose cover RAM: 430M
[    0.000000]  gran_size: 512M 	chunk_size: 2G 	num_reg: 6  	lose cover RAM: 430M
[    0.000000]  gran_size: 1G 	chunk_size: 1G 	num_reg: 3  	lose cover RAM: 942M
[    0.000000]  gran_size: 1G 	chunk_size: 2G 	num_reg: 3  	lose cover RAM: 942M
[    0.000000]  gran_size: 2G 	chunk_size: 2G 	num_reg: 2  	lose cover RAM: 1966M
[    0.000000] mtrr_cleanup: can not find optimal value
[    0.000000] please specify mtrr_gran_size/mtrr_chunk_size
[    0.000000] e820: update [mem 0xcbc00000-0xffffffff] usable ==> reserved
[    0.000000] e820: last_pfn = 0xcb000 max_arch_pfn = 0x400000000
[    0.000000] Scanning 1 areas for low memory corruption
[    0.000000] Base memory trampoline at [ffff880000098000] 98000 size 24576
[    0.000000] Using GB pages for direct mapping
[    0.000000] BRK [0x021ff000, 0x021fffff] PGTABLE
[    0.000000] BRK [0x02200000, 0x02200fff] PGTABLE
[    0.000000] BRK [0x02201000, 0x02201fff] PGTABLE
[    0.000000] BRK [0x02202000, 0x02202fff] PGTABLE
[    0.000000] BRK [0x02203000, 0x02203fff] PGTABLE
[    0.000000] BRK [0x02204000, 0x02204fff] PGTABLE
[    0.000000] RAMDISK: [mem 0x3dd7f000-0x3fffafff]
[    0.000000] Secure boot enabled
[    0.000000] ACPI: Early table checksum verification disabled
[    0.000000] ACPI: RSDP 0x00000000C9EE2000 000024 (v02 _ASUS_)
[    0.000000] ACPI: XSDT 0x00000000C9EE2090 0000A4 (v01 _ASUS_ Notebook 01072009 AMI  00010013)
[    0.000000] ACPI: FACP 0x00000000C9EF4568 00010C (v05 _ASUS_ Notebook 01072009 AMI  00010013)
[    0.000000] ACPI: DSDT 0x00000000C9EE2248 01231B (v02 _ASUS_ Notebook 00000012 INTL 20111123)
[    0.000000] ACPI: FACS 0x00000000CAB54080 000040
[    0.000000] ACPI: APIC 0x00000000C9EF4678 000092 (v03 _ASUS_ Notebook 01072009 AMI  00010013)
[    0.000000] ACPI: FPDT 0x00000000C9EF4710 000044 (v01 _ASUS_ Notebook 01072009 AMI  00010013)
[    0.000000] ACPI: ECDT 0x00000000C9EF4758 0000C1 (v01 _ASUS_ Notebook 01072009 AMI. 00000005)
[    0.000000] ACPI: SSDT 0x00000000C9EF4820 00019D (v01 Intel  zpodd    00001000 INTL 20091112)
[    0.000000] ACPI: SSDT 0x00000000C9EF49C0 000539 (v01 PmRef  Cpu0Ist  00003000 INTL 20051117)
[    0.000000] ACPI: SSDT 0x00000000C9EF4F00 000AD8 (v01 PmRef  CpuPm    00003000 INTL 20051117)
[    0.000000] ACPI: MCFG 0x00000000C9EF59D8 00003C (v01 _ASUS_ Notebook 01072009 MSFT 00000097)
[    0.000000] ACPI: HPET 0x00000000C9EF5A18 000038 (v01 _ASUS_ Notebook 01072009 AMI. 00000005)
[    0.000000] ACPI: SSDT 0x00000000C9EF5A50 000298 (v01 SataRe SataTabl 00001000 INTL 20091112)
[    0.000000] ACPI: SSDT 0x00000000C9EF5CE8 003DF7 (v01 SaSsdt SaSsdt   00003000 INTL 20091112)
[    0.000000] ACPI: SSDT 0x00000000C9EF9AE0 001699 (v01 SgRef  SgPeg    00001000 INTL 20091112)
[    0.000000] ACPI: BGRT 0x00000000C9EFB180 000038 (v00 _ASUS_ Notebook 01072009 ASUS 00010013)
[    0.000000] ACPI: DMAR 0x00000000C9EFB1B8 0000B8 (v01 INTEL  HSW      00000001 INTL 00000001)
[    0.000000] ACPI: SSDT 0x00000000C9EFB270 0019E3 (v01 OptRef OptTabl  00001000 INTL 20120711)
[    0.000000] ACPI: MSDM 0x00000000C9B23E18 000055 (v03 _ASUS_ Notebook 00000000 ASUS 00000001)
[    0.000000] ACPI: Local APIC address 0xfee00000
[    0.000000] No NUMA configuration found
[    0.000000] Faking a node at [mem 0x0000000000000000-0x000000022f1fffff]
[    0.000000] NODE_DATA(0) allocated [mem 0x22f1f4000-0x22f1f8fff]
[    0.000000] Zone ranges:
[    0.000000]   DMA      [mem 0x0000000000001000-0x0000000000ffffff]
[    0.000000]   DMA32    [mem 0x0000000001000000-0x00000000ffffffff]
[    0.000000]   Normal   [mem 0x0000000100000000-0x000000022f1fffff]
[    0.000000]   Device   empty
[    0.000000] Movable zone start for each node
[    0.000000] Early memory node ranges
[    0.000000]   node   0: [mem 0x0000000000001000-0x0000000000057fff]
[    0.000000]   node   0: [mem 0x0000000000059000-0x000000000009dfff]
[    0.000000]   node   0: [mem 0x0000000000100000-0x00000000b9c69fff]
[    0.000000]   node   0: [mem 0x00000000b9c71000-0x00000000ba49ffff]
[    0.000000]   node   0: [mem 0x00000000ba725000-0x00000000c991efff]
[    0.000000]   node   0: [mem 0x00000000c9b25000-0x00000000c9e59fff]
[    0.000000]   node   0: [mem 0x00000000cafff000-0x00000000caffffff]
[    0.000000]   node   0: [mem 0x0000000100000000-0x000000022f1fffff]
[    0.000000] Initmem setup node 0 [mem 0x0000000000001000-0x000000022f1fffff]
[    0.000000] On node 0 totalpages: 2067301
[    0.000000]   DMA zone: 64 pages used for memmap
[    0.000000]   DMA zone: 21 pages reserved
[    0.000000]   DMA zone: 3996 pages, LIFO batch:0
[    0.000000]   DMA32 zone: 12840 pages used for memmap
[    0.000000]   DMA32 zone: 821705 pages, LIFO batch:31
[    0.000000]   Normal zone: 19400 pages used for memmap
[    0.000000]   Normal zone: 1241600 pages, LIFO batch:31
[    0.000000] tboot: non-0 tboot_addr but it is not of type E820_RESERVED
[    0.000000] Reserving Intel graphics stolen memory at 0xcbe00000-0xcfdfffff
[    0.000000] ACPI: PM-Timer IO Port: 0x1808
[    0.000000] ACPI: Local APIC address 0xfee00000
[    0.000000] ACPI: LAPIC_NMI (acpi_id[0xff] high edge lint[0x1])
[    0.000000] IOAPIC[0]: apic_id 2, version 32, address 0xfec00000, GSI 0-23
[    0.000000] ACPI: INT_SRC_OVR (bus 0 bus_irq 0 global_irq 2 dfl dfl)
[    0.000000] ACPI: INT_SRC_OVR (bus 0 bus_irq 9 global_irq 9 high level)
[    0.000000] ACPI: IRQ0 used by override.
[    0.000000] ACPI: IRQ9 used by override.
[    0.000000] Using ACPI (MADT) for SMP configuration information
[    0.000000] ACPI: HPET id: 0x8086a701 base: 0xfed00000
[    0.000000] smpboot: Allowing 8 CPUs, 0 hotplug CPUs
[    0.000000] PM: Registered nosave memory: [mem 0x00000000-0x00000fff]
[    0.000000] PM: Registered nosave memory: [mem 0x00058000-0x00058fff]
[    0.000000] PM: Registered nosave memory: [mem 0x0009e000-0x0009ffff]
[    0.000000] PM: Registered nosave memory: [mem 0x000a0000-0x000fffff]
[    0.000000] PM: Registered nosave memory: [mem 0xb991d000-0xb991dfff]
[    0.000000] PM: Registered nosave memory: [mem 0xb992b000-0xb992bfff]
[    0.000000] PM: Registered nosave memory: [mem 0xb9c6a000-0xb9c70fff]
[    0.000000] PM: Registered nosave memory: [mem 0xba4a0000-0xba724fff]
[    0.000000] PM: Registered nosave memory: [mem 0xc991f000-0xc9b24fff]
[    0.000000] PM: Registered nosave memory: [mem 0xc9e5a000-0xcab56fff]
[    0.000000] PM: Registered nosave memory: [mem 0xcab57000-0xcaffefff]
[    0.000000] PM: Registered nosave memory: [mem 0xcb000000-0xcbbfffff]
[    0.000000] PM: Registered nosave memory: [mem 0xcbc00000-0xcfdfffff]
[    0.000000] PM: Registered nosave memory: [mem 0xcfe00000-0xf7ffffff]
[    0.000000] PM: Registered nosave memory: [mem 0xf8000000-0xfbffffff]
[    0.000000] PM: Registered nosave memory: [mem 0xfc000000-0xfebfffff]
[    0.000000] PM: Registered nosave memory: [mem 0xfec00000-0xfec00fff]
[    0.000000] PM: Registered nosave memory: [mem 0xfec01000-0xfecfffff]
[    0.000000] PM: Registered nosave memory: [mem 0xfed00000-0xfed03fff]
[    0.000000] PM: Registered nosave memory: [mem 0xfed04000-0xfed1bfff]
[    0.000000] PM: Registered nosave memory: [mem 0xfed1c000-0xfed1ffff]
[    0.000000] PM: Registered nosave memory: [mem 0xfed20000-0xfedfffff]
[    0.000000] PM: Registered nosave memory: [mem 0xfee00000-0xfee00fff]
[    0.000000] PM: Registered nosave memory: [mem 0xfee01000-0xfeffffff]
[    0.000000] PM: Registered nosave memory: [mem 0xff000000-0xffffffff]
[    0.000000] e820: [mem 0xcfe00000-0xf7ffffff] available for PCI devices
[    0.000000] Booting paravirtualized kernel on bare hardware
[    0.000000] clocksource: refined-jiffies: mask: 0xffffffff max_cycles: 0xffffffff, max_idle_ns: 7645519600211568 ns
[    0.000000] setup_percpu: NR_CPUS:256 nr_cpumask_bits:256 nr_cpu_ids:8 nr_node_ids:1
[    0.000000] PERCPU: Embedded 33 pages/cpu @ffff88022ee00000 s98008 r8192 d28968 u262144
[    0.000000] pcpu-alloc: s98008 r8192 d28968 u262144 alloc=1*2097152
[    0.000000] pcpu-alloc: [0] 0 1 2 3 4 5 6 7 
[    0.000000] Built 1 zonelists in Node order, mobility grouping on.  Total pages: 2034976
[    0.000000] Policy zone: Normal
[    0.000000] Kernel command line: BOOT_IMAGE=/boot/vmlinuz-4.4.0-22-generic.efi.signed root=UUID=2d723afa-d884-478f-87f3-29d27ac16e64 ro quiet splash vt.handoff=7
[    0.000000] PID hash table entries: 4096 (order: 3, 32768 bytes)
[    0.000000] Calgary: detecting Calgary via BIOS EBDA area
[    0.000000] Calgary: Unable to locate Rio Grande table in EBDA - bailing!
[    0.000000] Memory: 7980452K/8269204K available (8359K kernel code, 1278K rwdata, 3920K rodata, 1480K init, 1292K bss, 288752K reserved, 0K cma-reserved)
[    0.000000] SLUB: HWalign=64, Order=0-3, MinObjects=0, CPUs=8, Nodes=1
[    0.000000] Hierarchical RCU implementation.
[    0.000000] 	Build-time adjustment of leaf fanout to 64.
[    0.000000] 	RCU restricting CPUs from NR_CPUS=256 to nr_cpu_ids=8.
[    0.000000] RCU: Adjusting geometry for rcu_fanout_leaf=64, nr_cpu_ids=8
[    0.000000] NR_IRQS:16640 nr_irqs:488 16
[    0.000000] vt handoff: transparent VT on vt#7
[    0.000000] Console: colour dummy device 80x25
[    0.000000] console [tty0] enabled
[    0.000000] clocksource: hpet: mask: 0xffffffff max_cycles: 0xffffffff, max_idle_ns: 133484882848 ns
[    0.000000] hpet clockevent registered
[    0.000000] tsc: Fast TSC calibration using PIT
[    0.000000] tsc: Detected 2394.516 MHz processor
[    0.000022] Calibrating delay loop (skipped), value calculated using timer frequency.. 4789.03 BogoMIPS (lpj=9578064)
[    0.000023] pid_max: default: 32768 minimum: 301
[    0.000027] ACPI: Core revision 20150930
[    0.014389] ACPI: 8 ACPI AML tables successfully acquired and loaded
[    0.014747] Security Framework initialized
[    0.014749] Yama: becoming mindful.
[    0.014761] AppArmor: AppArmor initialized
[    0.015121] Dentry cache hash table entries: 1048576 (order: 11, 8388608 bytes)
[    0.016242] Inode-cache hash table entries: 524288 (order: 10, 4194304 bytes)
[    0.016727] Mount-cache hash table entries: 16384 (order: 5, 131072 bytes)
[    0.016734] Mountpoint-cache hash table entries: 16384 (order: 5, 131072 bytes)
[    0.016891] Initializing cgroup subsys io
[    0.016894] Initializing cgroup subsys memory
[    0.016898] Initializing cgroup subsys devices
[    0.016900] Initializing cgroup subsys freezer
[    0.016901] Initializing cgroup subsys net_cls
[    0.016903] Initializing cgroup subsys perf_event
[    0.016904] Initializing cgroup subsys net_prio
[    0.016906] Initializing cgroup subsys hugetlb
[    0.016908] Initializing cgroup subsys pids
[    0.016926] CPU: Physical Processor ID: 0
[    0.016927] CPU: Processor Core ID: 0
[    0.016930] ENERGY_PERF_BIAS: Set to 'normal', was 'performance'
[    0.016931] ENERGY_PERF_BIAS: View and update with x86_energy_perf_policy(8)
[    0.017688] mce: CPU supports 9 MCE banks
[    0.017699] CPU0: Thermal monitoring enabled (TM1)
[    0.017707] process: using mwait in idle threads
[    0.017709] Last level iTLB entries: 4KB 1024, 2MB 1024, 4MB 1024
[    0.017710] Last level dTLB entries: 4KB 1024, 2MB 1024, 4MB 1024, 1GB 4
[    0.017961] Freeing SMP alternatives memory: 28K (ffffffff820b3000 - ffffffff820ba000)
[    0.020684] ftrace: allocating 31906 entries in 125 pages
[    0.030183] smpboot: Max logical packages: 2
[    0.030185] smpboot: APIC(0) Converting physical 0 to logical package 0
[    0.030188] DMAR: Host address width 39
[    0.030189] DMAR: DRHD base: 0x000000fed90000 flags: 0x0
[    0.030196] DMAR: dmar0: reg_base_addr fed90000 ver 1:0 cap c0000020660462 ecap f0101a
[    0.030197] DMAR: DRHD base: 0x000000fed91000 flags: 0x1
[    0.030200] DMAR: dmar1: reg_base_addr fed91000 ver 1:0 cap d2008020660462 ecap f010da
[    0.030201] DMAR: RMRR base: 0x000000c9abc000 end: 0x000000c9ac8fff
[    0.030202] DMAR: RMRR base: 0x000000cbc00000 end: 0x000000cfdfffff
[    0.030203] DMAR-IR: IOAPIC id 2 under DRHD base  0xfed91000 IOMMU 1
[    0.030204] DMAR-IR: HPET id 0 under DRHD base 0xfed91000
[    0.030205] DMAR-IR: Queued invalidation will be enabled to support x2apic and Intr-remapping.
[    0.030437] DMAR-IR: Enabled IRQ remapping in x2apic mode
[    0.030438] x2apic enabled
[    0.030443] Switched APIC routing to cluster x2apic.
[    0.030865] ..TIMER: vector=0x30 apic1=0 pin1=2 apic2=-1 pin2=-1
[    0.070552] TSC deadline timer enabled
[    0.070555] smpboot: CPU0: Intel(R) Core(TM) i7-4700HQ CPU @ 2.40GHz (family: 0x6, model: 0x3c, stepping: 0x3)
[    0.070566] Performance Events: PEBS fmt2+, 16-deep LBR, Haswell events, full-width counters, Intel PMU driver.
[    0.070581] ... version:                3
[    0.070582] ... bit width:              48
[    0.070582] ... generic registers:      4
[    0.070583] ... value mask:             0000ffffffffffff
[    0.070584] ... max period:             0000ffffffffffff
[    0.070584] ... fixed-purpose events:   3
[    0.070585] ... event mask:             000000070000000f
[    0.071161] x86: Booting SMP configuration:
[    0.071163] .... node  #0, CPUs:      #1
[    0.074334] NMI watchdog: enabled on all CPUs, permanently consumes one hw-PMU counter.
[    0.074384]  #2 #3 #4 #5 #6 #7
[    0.093124] x86: Booted up 1 node, 8 CPUs
[    0.093128] smpboot: Total of 8 processors activated (38312.25 BogoMIPS)
[    0.099041] devtmpfs: initialized
[    0.100636] evm: security.selinux
[    0.100637] evm: security.SMACK64
[    0.100637] evm: security.SMACK64EXEC
[    0.100638] evm: security.SMACK64TRANSMUTE
[    0.100639] evm: security.SMACK64MMAP
[    0.100639] evm: security.ima
[    0.100640] evm: security.capability
[    0.100685] PM: Registering ACPI NVS region [mem 0xb9c6a000-0xb9c70fff] (28672 bytes)
[    0.100686] PM: Registering ACPI NVS region [mem 0xc9e5a000-0xcab56fff] (13619200 bytes)
[    0.100858] clocksource: jiffies: mask: 0xffffffff max_cycles: 0xffffffff, max_idle_ns: 7645041785100000 ns
[    0.100921] pinctrl core: initialized pinctrl subsystem
[    0.101002] RTC time: 23:29:49, date: 06/01/16
[    0.101086] NET: Registered protocol family 16
[    0.110941] cpuidle: using governor ladder
[    0.122930] cpuidle: using governor menu
[    0.122934] PCCT header not found.
[    0.123017] ACPI FADT declares the system doesn't support PCIe ASPM, so disable it
[    0.123018] ACPI: bus type PCI registered
[    0.123020] acpiphp: ACPI Hot Plug PCI Controller Driver version: 0.5
[    0.123093] PCI: MMCONFIG for domain 0000 [bus 00-3f] at [mem 0xf8000000-0xfbffffff] (base 0xf8000000)
[    0.123095] PCI: MMCONFIG at [mem 0xf8000000-0xfbffffff] reserved in E820
[    0.123099] pmd_set_huge: Cannot satisfy [mem 0xf8000000-0xf8200000] with a huge-page mapping due to MTRR override.
[    0.123168] PCI: Using configuration type 1 for base access
[    0.123198] core: PMU erratum BJ122, BV98, HSD29 worked around, HT is on
[    0.135261] ACPI: Added _OSI(Module Device)
[    0.135264] ACPI: Added _OSI(Processor Device)
[    0.135265] ACPI: Added _OSI(3.0 _SCP Extensions)
[    0.135266] ACPI: Added _OSI(Processor Aggregator Device)
[    0.137120] ACPI : EC: EC description table is found, configuring boot EC
[    0.137129] ACPI : EC: EC started
[    0.138754] ACPI: Executed 2 blocks of module-level executable AML code
[    0.140651] [Firmware Bug]: ACPI: BIOS _OSI(Linux) query ignored
[    0.142595] ACPI: Dynamic OEM Table Load:
[    0.142600] ACPI: SSDT 0xFFFF880224EF1400 0003D3 (v01 PmRef  Cpu0Cst  00003001 INTL 20051117)
[    0.143150] ACPI: Dynamic OEM Table Load:
[    0.143154] ACPI: SSDT 0xFFFF88022535A800 0005AA (v01 PmRef  ApIst    00003000 INTL 20051117)
[    0.143725] ACPI: Dynamic OEM Table Load:
[    0.143728] ACPI: SSDT 0xFFFF880224ED5A00 000119 (v01 PmRef  ApCst    00003000 INTL 20051117)
[    0.145039] ACPI: Interpreter enabled
[    0.145045] ACPI Exception: AE_NOT_FOUND, While evaluating Sleep State [\_S1_] (20150930/hwxface-580)
[    0.145050] ACPI Exception: AE_NOT_FOUND, While evaluating Sleep State [\_S2_] (20150930/hwxface-580)
[    0.145065] ACPI: (supports S0 S3 S4 S5)
[    0.145065] ACPI: Using IOAPIC for interrupt routing
[    0.145083] PCI: Using host bridge windows from ACPI; if necessary, use "pci=nocrs" and report a bug
[    0.152824] ACPI: PCI Root Bridge [PCI0] (domain 0000 [bus 00-3e])
[    0.152828] acpi PNP0A08:00: _OSC: OS supports [ExtendedConfig ASPM ClockPM Segments MSI]
[    0.153010] acpi PNP0A08:00: _OSC: platform does not support [PCIeHotplug PME]
[    0.153136] acpi PNP0A08:00: _OSC: OS now controls [AER PCIeCapability]
[    0.153137] acpi PNP0A08:00: FADT indicates ASPM is unsupported, using BIOS configuration
[    0.153389] PCI host bridge to bus 0000:00
[    0.153391] pci_bus 0000:00: root bus resource [io  0x0000-0x0cf7 window]
[    0.153392] pci_bus 0000:00: root bus resource [io  0x0d00-0xffff window]
[    0.153394] pci_bus 0000:00: root bus resource [mem 0x000a0000-0x000bffff window]
[    0.153395] pci_bus 0000:00: root bus resource [mem 0x000c0000-0x000c3fff window]
[    0.153396] pci_bus 0000:00: root bus resource [mem 0x000c4000-0x000c7fff window]
[    0.153396] pci_bus 0000:00: root bus resource [mem 0x000c8000-0x000cbfff window]
[    0.153397] pci_bus 0000:00: root bus resource [mem 0x000cc000-0x000cffff window]
[    0.153398] pci_bus 0000:00: root bus resource [mem 0x000d0000-0x000d3fff window]
[    0.153399] pci_bus 0000:00: root bus resource [mem 0x000d4000-0x000d7fff window]
[    0.153400] pci_bus 0000:00: root bus resource [mem 0x000d8000-0x000dbfff window]
[    0.153401] pci_bus 0000:00: root bus resource [mem 0x000dc000-0x000dffff window]
[    0.153402] pci_bus 0000:00: root bus resource [mem 0xcfe00000-0xfeafffff window]
[    0.153403] pci_bus 0000:00: root bus resource [bus 00-3e]
[    0.153409] pci 0000:00:00.0: [8086:0c04] type 00 class 0x060000
[    0.153475] pci 0000:00:01.0: [8086:0c01] type 01 class 0x060400
[    0.153500] pci 0000:00:01.0: PME# supported from D0 D3hot D3cold
[    0.153560] pci 0000:00:01.0: System wakeup disabled by ACPI
[    0.153591] pci 0000:00:02.0: [8086:0416] type 00 class 0x030000
[    0.153601] pci 0000:00:02.0: reg 0x10: [mem 0xf7400000-0xf77fffff 64bit]
[    0.153606] pci 0000:00:02.0: reg 0x18: [mem 0xd0000000-0xdfffffff 64bit pref]
[    0.153609] pci 0000:00:02.0: reg 0x20: [io  0xf000-0xf03f]
[    0.153666] pci 0000:00:03.0: [8086:0c0c] type 00 class 0x040300
[    0.153675] pci 0000:00:03.0: reg 0x10: [mem 0xf7a14000-0xf7a17fff 64bit]
[    0.153751] pci 0000:00:14.0: [8086:8c31] type 00 class 0x0c0330
[    0.153774] pci 0000:00:14.0: reg 0x10: [mem 0xf7a00000-0xf7a0ffff 64bit]
[    0.153818] pci 0000:00:14.0: PME# supported from D3hot D3cold
[    0.153847] pci 0000:00:14.0: System wakeup disabled by ACPI
[    0.153873] pci 0000:00:16.0: [8086:8c3a] type 00 class 0x078000
[    0.153897] pci 0000:00:16.0: reg 0x10: [mem 0xf7a1e000-0xf7a1e00f 64bit]
[    0.153943] pci 0000:00:16.0: PME# supported from D0 D3hot D3cold
[    0.154003] pci 0000:00:1a.0: [8086:8c2d] type 00 class 0x0c0320
[    0.154028] pci 0000:00:1a.0: reg 0x10: [mem 0xf7a1c000-0xf7a1c3ff]
[    0.154092] pci 0000:00:1a.0: PME# supported from D0 D3hot D3cold
[    0.154130] pci 0000:00:1a.0: System wakeup disabled by ACPI
[    0.154159] pci 0000:00:1b.0: [8086:8c20] type 00 class 0x040300
[    0.154181] pci 0000:00:1b.0: reg 0x10: [mem 0xf7a10000-0xf7a13fff 64bit]
[    0.154232] pci 0000:00:1b.0: PME# supported from D0 D3hot D3cold
[    0.154263] pci 0000:00:1b.0: System wakeup disabled by ACPI
[    0.154289] pci 0000:00:1c.0: [8086:8c10] type 01 class 0x060400
[    0.154343] pci 0000:00:1c.0: PME# supported from D0 D3hot D3cold
[    0.154395] pci 0000:00:1c.0: System wakeup disabled by ACPI
[    0.154421] pci 0000:00:1c.1: [8086:8c12] type 01 class 0x060400
[    0.154477] pci 0000:00:1c.1: PME# supported from D0 D3hot D3cold
[    0.154552] pci 0000:00:1c.2: [8086:8c14] type 01 class 0x060400
[    0.154607] pci 0000:00:1c.2: PME# supported from D0 D3hot D3cold
[    0.154656] pci 0000:00:1c.2: System wakeup disabled by ACPI
[    0.154683] pci 0000:00:1c.3: [8086:8c16] type 01 class 0x060400
[    0.154738] pci 0000:00:1c.3: PME# supported from D0 D3hot D3cold
[    0.154788] pci 0000:00:1c.3: System wakeup disabled by ACPI
[    0.154819] pci 0000:00:1d.0: [8086:8c26] type 00 class 0x0c0320
[    0.154843] pci 0000:00:1d.0: reg 0x10: [mem 0xf7a1b000-0xf7a1b3ff]
[    0.154907] pci 0000:00:1d.0: PME# supported from D0 D3hot D3cold
[    0.154949] pci 0000:00:1d.0: System wakeup disabled by ACPI
[    0.154979] pci 0000:00:1f.0: [8086:8c49] type 00 class 0x060100
[    0.155118] pci 0000:00:1f.2: [8086:8c03] type 00 class 0x010601
[    0.155137] pci 0000:00:1f.2: reg 0x10: [io  0xf0b0-0xf0b7]
[    0.155143] pci 0000:00:1f.2: reg 0x14: [io  0xf0a0-0xf0a3]
[    0.155150] pci 0000:00:1f.2: reg 0x18: [io  0xf090-0xf097]
[    0.155156] pci 0000:00:1f.2: reg 0x1c: [io  0xf080-0xf083]
[    0.155162] pci 0000:00:1f.2: reg 0x20: [io  0xf060-0xf07f]
[    0.155169] pci 0000:00:1f.2: reg 0x24: [mem 0xf7a1a000-0xf7a1a7ff]
[    0.155193] pci 0000:00:1f.2: PME# supported from D3hot
[    0.155243] pci 0000:00:1f.3: [8086:8c22] type 00 class 0x0c0500
[    0.155257] pci 0000:00:1f.3: reg 0x10: [mem 0xf7a19000-0xf7a190ff 64bit]
[    0.155275] pci 0000:00:1f.3: reg 0x20: [io  0xf040-0xf05f]
[    0.155367] pci 0000:01:00.0: [10de:0fe4] type 00 class 0x030200
[    0.155380] pci 0000:01:00.0: reg 0x10: [mem 0xf6000000-0xf6ffffff]
[    0.155386] pci 0000:01:00.0: reg 0x14: [mem 0xe0000000-0xefffffff 64bit pref]
[    0.155393] pci 0000:01:00.0: reg 0x1c: [mem 0xf0000000-0xf1ffffff 64bit pref]
[    0.155397] pci 0000:01:00.0: reg 0x24: [io  0xe000-0xe07f]
[    0.155402] pci 0000:01:00.0: reg 0x30: [mem 0xf7000000-0xf707ffff pref]
[    0.155464] pci 0000:01:00.0: System wakeup disabled by ACPI
[    0.162958] pci 0000:00:01.0: PCI bridge to [bus 01]
[    0.162961] pci 0000:00:01.0:   bridge window [io  0xe000-0xefff]
[    0.162963] pci 0000:00:01.0:   bridge window [mem 0xf6000000-0xf70fffff]
[    0.162966] pci 0000:00:01.0:   bridge window [mem 0xe0000000-0xf1ffffff 64bit pref]
[    0.163026] acpiphp: Slot [1] registered
[    0.163031] pci 0000:00:1c.0: PCI bridge to [bus 02]
[    0.163096] acpiphp: Slot [1-1] registered
[    0.163108] pci 0000:00:1c.1: PCI bridge to [bus 03]
[    0.163184] pci 0000:04:00.0: [168c:0032] type 00 class 0x028000
[    0.163225] pci 0000:04:00.0: reg 0x10: [mem 0xf7900000-0xf797ffff 64bit]
[    0.163278] pci 0000:04:00.0: reg 0x30: [mem 0xf7980000-0xf798ffff pref]
[    0.163331] pci 0000:04:00.0: supports D1 D2
[    0.163332] pci 0000:04:00.0: PME# supported from D0 D1 D2 D3hot D3cold
[    0.163370] pci 0000:04:00.0: System wakeup disabled by ACPI
[    0.170965] pci 0000:00:1c.2: PCI bridge to [bus 04]
[    0.170970] pci 0000:00:1c.2:   bridge window [mem 0xf7900000-0xf79fffff]
[    0.171048] pci 0000:05:00.0: [10ec:8168] type 00 class 0x020000
[    0.171089] pci 0000:05:00.0: reg 0x10: [io  0xd000-0xd0ff]
[    0.171117] pci 0000:05:00.0: reg 0x18: [mem 0xf7800000-0xf7800fff 64bit]
[    0.171136] pci 0000:05:00.0: reg 0x20: [mem 0xf2100000-0xf2103fff 64bit pref]
[    0.171208] pci 0000:05:00.0: supports D1 D2
[    0.171209] pci 0000:05:00.0: PME# supported from D0 D1 D2 D3hot D3cold
[    0.171253] pci 0000:05:00.0: System wakeup disabled by ACPI
[    0.178970] pci 0000:00:1c.3: PCI bridge to [bus 05]
[    0.178974] pci 0000:00:1c.3:   bridge window [io  0xd000-0xdfff]
[    0.178977] pci 0000:00:1c.3:   bridge window [mem 0xf7800000-0xf78fffff]
[    0.178982] pci 0000:00:1c.3:   bridge window [mem 0xf2100000-0xf21fffff 64bit pref]
[    0.179735] ACPI: PCI Interrupt Link [LNKA] (IRQs 3 4 5 6 7 10 11 12) *0, disabled.
[    0.179777] ACPI: PCI Interrupt Link [LNKB] (IRQs 3 4 5 6 7 10 12) *0, disabled.
[    0.179817] ACPI: PCI Interrupt Link [LNKC] (IRQs 3 4 5 6 7 10 12) *0, disabled.
[    0.179856] ACPI: PCI Interrupt Link [LNKD] (IRQs 3 4 5 6 7 10 12) *0, disabled.
[    0.179895] ACPI: PCI Interrupt Link [LNKE] (IRQs 3 4 5 6 7 10 12) *0, disabled.
[    0.179933] ACPI: PCI Interrupt Link [LNKF] (IRQs 3 4 5 6 7 10 12) *0, disabled.
[    0.179971] ACPI: PCI Interrupt Link [LNKG] (IRQs 3 4 5 6 7 10 12) *0, disabled.
[    0.180010] ACPI: PCI Interrupt Link [LNKH] (IRQs 3 4 5 6 7 10 12) *0, disabled.
[    0.180230] ACPI: Enabled 5 GPEs in block 00 to 3F
[    0.180278] ACPI : EC: GPE = 0x19, I/O: command/status = 0x66, data = 0x62
[    0.180352] vgaarb: setting as boot device: PCI:0000:00:02.0
[    0.180353] vgaarb: device added: PCI:0000:00:02.0,decodes=io+mem,owns=io+mem,locks=none
[    0.180355] vgaarb: loaded
[    0.180356] vgaarb: bridge control possible 0000:00:02.0
[    0.180518] SCSI subsystem initialized
[    0.180543] libata version 3.00 loaded.
[    0.180559] ACPI: bus type USB registered
[    0.180570] usbcore: registered new interface driver usbfs
[    0.180575] usbcore: registered new interface driver hub
[    0.180588] usbcore: registered new device driver usb
[    0.180709] PCI: Using ACPI for IRQ routing
[    0.181906] PCI: pci_cache_line_size set to 64 bytes
[    0.181945] e820: reserve RAM buffer [mem 0x00058000-0x0005ffff]
[    0.181946] e820: reserve RAM buffer [mem 0x0009e000-0x0009ffff]
[    0.181947] e820: reserve RAM buffer [mem 0xb991d018-0xbbffffff]
[    0.181948] e820: reserve RAM buffer [mem 0xb9c6a000-0xbbffffff]
[    0.181949] e820: reserve RAM buffer [mem 0xba4a0000-0xbbffffff]
[    0.181950] e820: reserve RAM buffer [mem 0xc991f000-0xcbffffff]
[    0.181951] e820: reserve RAM buffer [mem 0xc9e5a000-0xcbffffff]
[    0.181952] e820: reserve RAM buffer [mem 0xcb000000-0xcbffffff]
[    0.181953] e820: reserve RAM buffer [mem 0x22f200000-0x22fffffff]
[    0.182026] NetLabel: Initializing
[    0.182026] NetLabel:  domain hash size = 128
[    0.182027] NetLabel:  protocols = UNLABELED CIPSOv4
[    0.182034] NetLabel:  unlabeled traffic allowed by default
[    0.182078] hpet0: at MMIO 0xfed00000, IRQs 2, 8, 0, 0, 0, 0, 0, 0
[    0.182082] hpet0: 8 comparators, 64-bit 14.318180 MHz counter
[    0.184101] clocksource: Switched to clocksource hpet
[    0.188211] AppArmor: AppArmor Filesystem Enabled
[    0.188258] pnp: PnP ACPI init
[    0.188335] system 00:00: [mem 0xfed40000-0xfed44fff] has been reserved
[    0.188338] system 00:00: Plug and Play ACPI device, IDs PNP0c01 (active)
[    0.188517] system 00:01: [io  0x0680-0x069f] has been reserved
[    0.188519] system 00:01: [io  0xffff] has been reserved
[    0.188521] system 00:01: [io  0xffff] has been reserved
[    0.188522] system 00:01: [io  0xffff] has been reserved
[    0.188523] system 00:01: [io  0x1c00-0x1cfe] has been reserved
[    0.188525] system 00:01: [io  0x1d00-0x1dfe] has been reserved
[    0.188526] system 00:01: [io  0x1e00-0x1efe] has been reserved
[    0.188527] system 00:01: [io  0x1f00-0x1ffe] has been reserved
[    0.188528] system 00:01: [io  0x1800-0x18fe] could not be reserved
[    0.188530] system 00:01: [io  0x164e-0x164f] has been reserved
[    0.188532] system 00:01: Plug and Play ACPI device, IDs PNP0c02 (active)
[    0.188564] system 00:02: [io  0x0800-0x087f] has been reserved
[    0.188566] system 00:02: Plug and Play ACPI device, IDs PNP0c02 (active)
[    0.188584] pnp 00:03: Plug and Play ACPI device, IDs PNP0b00 (active)
[    0.188617] system 00:04: [io  0x1854-0x1857] has been reserved
[    0.188619] system 00:04: Plug and Play ACPI device, IDs INT3f0d PNP0c02 (active)
[    0.188652] system 00:05: [io  0x04d0-0x04d1] has been reserved
[    0.188654] system 00:05: Plug and Play ACPI device, IDs PNP0c02 (active)
[    0.188677] system 00:06: [io  0x0240-0x0259] has been reserved
[    0.188679] system 00:06: Plug and Play ACPI device, IDs PNP0c02 (active)
[    0.188717] pnp 00:07: Plug and Play ACPI device, IDs ETD0105 SYN0a00 SYN0002 PNP0f03 PNP0f13 PNP0f12 (active)
[    0.188742] pnp 00:08: Plug and Play ACPI device, IDs ATK3001 PNP030b (active)
[    0.189024] system 00:09: [mem 0xfed1c000-0xfed1ffff] has been reserved
[    0.189026] system 00:09: [mem 0xfed10000-0xfed17fff] has been reserved
[    0.189027] system 00:09: [mem 0xfed18000-0xfed18fff] has been reserved
[    0.189029] system 00:09: [mem 0xfed19000-0xfed19fff] has been reserved
[    0.189030] system 00:09: [mem 0xf8000000-0xfbffffff] has been reserved
[    0.189031] system 00:09: [mem 0xfed20000-0xfed3ffff] has been reserved
[    0.189033] system 00:09: [mem 0xfed90000-0xfed93fff] could not be reserved
[    0.189034] system 00:09: [mem 0xfed45000-0xfed8ffff] has been reserved
[    0.189036] system 00:09: [mem 0xff000000-0xffffffff] has been reserved
[    0.189037] system 00:09: [mem 0xfee00000-0xfeefffff] could not be reserved
[    0.189038] system 00:09: [mem 0xf7fef000-0xf7feffff] has been reserved
[    0.189040] system 00:09: [mem 0xf7ff0000-0xf7ff0fff] has been reserved
[    0.189042] system 00:09: Plug and Play ACPI device, IDs PNP0c02 (active)
[    0.189094] system 00:0a: Plug and Play ACPI device, IDs PNP0c02 (active)
[    0.189334] pnp: PnP ACPI: found 11 devices
[    0.195147] clocksource: acpi_pm: mask: 0xffffff max_cycles: 0xffffff, max_idle_ns: 2085701024 ns
[    0.195168] pci 0000:00:1c.1: bridge window [io  0x1000-0x0fff] to [bus 03] add_size 1000
[    0.195170] pci 0000:00:1c.1: bridge window [mem 0x00100000-0x000fffff 64bit pref] to [bus 03] add_size 200000 add_align 100000
[    0.195171] pci 0000:00:1c.1: bridge window [mem 0x00100000-0x000fffff] to [bus 03] add_size 200000 add_align 100000
[    0.195185] pci 0000:00:1c.1: res[14]=[mem 0x00100000-0x000fffff] res_to_dev_res add_size 200000 min_align 100000
[    0.195186] pci 0000:00:1c.1: res[14]=[mem 0x00100000-0x002fffff] res_to_dev_res add_size 200000 min_align 100000
[    0.195188] pci 0000:00:1c.1: res[15]=[mem 0x00100000-0x000fffff 64bit pref] res_to_dev_res add_size 200000 min_align 100000
[    0.195189] pci 0000:00:1c.1: res[15]=[mem 0x00100000-0x002fffff 64bit pref] res_to_dev_res add_size 200000 min_align 100000
[    0.195190] pci 0000:00:1c.1: res[13]=[io  0x1000-0x0fff] res_to_dev_res add_size 1000 min_align 1000
[    0.195191] pci 0000:00:1c.1: res[13]=[io  0x1000-0x1fff] res_to_dev_res add_size 1000 min_align 1000
[    0.195195] pci 0000:00:1c.1: BAR 14: assigned [mem 0xcfe00000-0xcfffffff]
[    0.195201] pci 0000:00:1c.1: BAR 15: assigned [mem 0xf2200000-0xf23fffff 64bit pref]
[    0.195202] pci 0000:00:1c.1: BAR 13: assigned [io  0x2000-0x2fff]
[    0.195204] pci 0000:00:01.0: PCI bridge to [bus 01]
[    0.195206] pci 0000:00:01.0:   bridge window [io  0xe000-0xefff]
[    0.195208] pci 0000:00:01.0:   bridge window [mem 0xf6000000-0xf70fffff]
[    0.195210] pci 0000:00:01.0:   bridge window [mem 0xe0000000-0xf1ffffff 64bit pref]
[    0.195212] pci 0000:00:1c.0: PCI bridge to [bus 02]
[    0.195221] pci 0000:00:1c.1: PCI bridge to [bus 03]
[    0.195223] pci 0000:00:1c.1:   bridge window [io  0x2000-0x2fff]
[    0.195227] pci 0000:00:1c.1:   bridge window [mem 0xcfe00000-0xcfffffff]
[    0.195231] pci 0000:00:1c.1:   bridge window [mem 0xf2200000-0xf23fffff 64bit pref]
[    0.195235] pci 0000:00:1c.2: PCI bridge to [bus 04]
[    0.195240] pci 0000:00:1c.2:   bridge window [mem 0xf7900000-0xf79fffff]
[    0.195246] pci 0000:00:1c.3: PCI bridge to [bus 05]
[    0.195249] pci 0000:00:1c.3:   bridge window [io  0xd000-0xdfff]
[    0.195253] pci 0000:00:1c.3:   bridge window [mem 0xf7800000-0xf78fffff]
[    0.195256] pci 0000:00:1c.3:   bridge window [mem 0xf2100000-0xf21fffff 64bit pref]
[    0.195262] pci_bus 0000:00: resource 4 [io  0x0000-0x0cf7 window]
[    0.195263] pci_bus 0000:00: resource 5 [io  0x0d00-0xffff window]
[    0.195264] pci_bus 0000:00: resource 6 [mem 0x000a0000-0x000bffff window]
[    0.195265] pci_bus 0000:00: resource 7 [mem 0x000c0000-0x000c3fff window]
[    0.195266] pci_bus 0000:00: resource 8 [mem 0x000c4000-0x000c7fff window]
[    0.195267] pci_bus 0000:00: resource 9 [mem 0x000c8000-0x000cbfff window]
[    0.195268] pci_bus 0000:00: resource 10 [mem 0x000cc000-0x000cffff window]
[    0.195269] pci_bus 0000:00: resource 11 [mem 0x000d0000-0x000d3fff window]
[    0.195270] pci_bus 0000:00: resource 12 [mem 0x000d4000-0x000d7fff window]
[    0.195271] pci_bus 0000:00: resource 13 [mem 0x000d8000-0x000dbfff window]
[    0.195272] pci_bus 0000:00: resource 14 [mem 0x000dc000-0x000dffff window]
[    0.195273] pci_bus 0000:00: resource 15 [mem 0xcfe00000-0xfeafffff window]
[    0.195274] pci_bus 0000:01: resource 0 [io  0xe000-0xefff]
[    0.195275] pci_bus 0000:01: resource 1 [mem 0xf6000000-0xf70fffff]
[    0.195276] pci_bus 0000:01: resource 2 [mem 0xe0000000-0xf1ffffff 64bit pref]
[    0.195277] pci_bus 0000:03: resource 0 [io  0x2000-0x2fff]
[    0.195278] pci_bus 0000:03: resource 1 [mem 0xcfe00000-0xcfffffff]
[    0.195279] pci_bus 0000:03: resource 2 [mem 0xf2200000-0xf23fffff 64bit pref]
[    0.195280] pci_bus 0000:04: resource 1 [mem 0xf7900000-0xf79fffff]
[    0.195281] pci_bus 0000:05: resource 0 [io  0xd000-0xdfff]
[    0.195282] pci_bus 0000:05: resource 1 [mem 0xf7800000-0xf78fffff]
[    0.195283] pci_bus 0000:05: resource 2 [mem 0xf2100000-0xf21fffff 64bit pref]
[    0.195305] NET: Registered protocol family 2
[    0.195424] TCP established hash table entries: 65536 (order: 7, 524288 bytes)
[    0.195517] TCP bind hash table entries: 65536 (order: 8, 1048576 bytes)
[    0.195625] TCP: Hash tables configured (established 65536 bind 65536)
[    0.195643] UDP hash table entries: 4096 (order: 5, 131072 bytes)
[    0.195665] UDP-Lite hash table entries: 4096 (order: 5, 131072 bytes)
[    0.195705] NET: Registered protocol family 1
[    0.195715] pci 0000:00:02.0: Video device with shadowed ROM
[    0.196041] PCI: CLS 64 bytes, default 64
[    0.196075] Trying to unpack rootfs image as initramfs...
[    0.579495] Freeing initrd memory: 35312K (ffff88003dd7f000 - ffff88003fffb000)
[    0.579518] PCI-DMA: Using software bounce buffering for IO (SWIOTLB)
[    0.579519] software IO TLB [mem 0xc3426000-0xc7426000] (64MB) mapped at [ffff8800c3426000-ffff8800c7425fff]
[    0.579568] RAPL PMU detected, API unit is 2^-32 Joules, 4 fixed counters 655360 ms ovfl timer
[    0.579570] hw unit of domain pp0-core 2^-14 Joules
[    0.579570] hw unit of domain package 2^-14 Joules
[    0.579571] hw unit of domain dram 2^-14 Joules
[    0.579571] hw unit of domain pp1-gpu 2^-14 Joules
[    0.579652] Scanning for low memory corruption every 60 seconds
[    0.579897] futex hash table entries: 2048 (order: 5, 131072 bytes)
[    0.579925] audit: initializing netlink subsys (disabled)
[    0.579936] audit: type=2000 audit(1464823789.576:1): initialized
[    0.580216] Initialise system trusted keyring
[    0.580308] HugeTLB registered 1 GB page size, pre-allocated 0 pages
[    0.580309] HugeTLB registered 2 MB page size, pre-allocated 0 pages
[    0.581234] zbud: loaded
[    0.581379] VFS: Disk quotas dquot_6.6.0
[    0.581400] VFS: Dquot-cache hash table entries: 512 (order 0, 4096 bytes)
[    0.581702] fuse init (API version 7.23)
[    0.581787] Key type big_key registered
[    0.581803] Allocating IMA MOK and blacklist keyrings.
[    0.582160] Key type asymmetric registered
[    0.582163] Asymmetric key parser 'x509' registered
[    0.582190] Block layer SCSI generic (bsg) driver version 0.4 loaded (major 249)
[    0.582226] io scheduler noop registered
[    0.582230] io scheduler deadline registered (default)
[    0.582253] io scheduler cfq registered
[    0.582760] pci_hotplug: PCI Hot Plug PCI Core version: 0.5
[    0.582765] pciehp: PCI Express Hot Plug Controller Driver version: 0.4
[    0.582789] efifb: probing for efifb
[    0.582807] efifb: framebuffer at 0xd0000000, mapped to 0xffffc90001000000, using 8100k, total 8100k
[    0.582809] efifb: mode is 1920x1080x32, linelength=7680, pages=1
[    0.582809] efifb: scrolling: redraw
[    0.582810] efifb: Truecolor: size=8:8:8:8, shift=24:16:8:0
[    0.582887] Console: switching to colour frame buffer device 240x67
[    0.582906] fb0: EFI VGA frame buffer device
[    0.582913] intel_idle: MWAIT substates: 0x42120
[    0.582914] intel_idle: v0.4.1 model 0x3C
[    0.582915] intel_idle: lapic_timer_reliable_states 0xffffffff
[    0.583207] ACPI: AC Adapter [AC0] (on-line)
[    0.583259] input: Lid Switch as /devices/LNXSYSTM:00/LNXSYBUS:00/PNP0C0D:00/input/input0
[    0.583854] ACPI: Lid Switch [LID]
[    0.583880] input: Sleep Button as /devices/LNXSYSTM:00/LNXSYBUS:00/PNP0C0E:00/input/input1
[    0.583882] ACPI: Sleep Button [SLPB]
[    0.583905] input: Power Button as /devices/LNXSYSTM:00/LNXPWRBN:00/input/input2
[    0.583906] ACPI: Power Button [PWRF]
[    0.584478] thermal LNXTHERM:00: registered as thermal_zone0
[    0.584480] ACPI: Thermal Zone [THRM] (56 C)
[    0.584507] GHES: HEST is not enabled!
[    0.584575] Serial: 8250/16550 driver, 32 ports, IRQ sharing enabled
[    0.586004] Linux agpgart interface v0.103
[    0.588210] brd: module loaded
[    0.589178] loop: module loaded
[    0.589322] libphy: Fixed MDIO Bus: probed
[    0.589325] tun: Universal TUN/TAP device driver, 1.6
[    0.589326] tun: (C) 1999-2004 Max Krasnyansky <maxk@qualcomm.com>
[    0.589354] PPP generic driver version 2.4.2
[    0.589395] ehci_hcd: USB 2.0 'Enhanced' Host Controller (EHCI) Driver
[    0.589399] ehci-pci: EHCI PCI platform driver
[    0.589471] ehci-pci 0000:00:1a.0: EHCI Host Controller
[    0.589475] ehci-pci 0000:00:1a.0: new USB bus registered, assigned bus number 1
[    0.589485] ehci-pci 0000:00:1a.0: debug port 2
[    0.593396] ehci-pci 0000:00:1a.0: cache line size of 64 is not supported
[    0.593408] ehci-pci 0000:00:1a.0: irq 16, io mem 0xf7a1c000
[    0.602973] ACPI: Battery Slot [BAT0] (battery present)
[    0.604120] ehci-pci 0000:00:1a.0: USB 2.0 started, EHCI 1.00
[    0.604147] usb usb1: New USB device found, idVendor=1d6b, idProduct=0002
[    0.604148] usb usb1: New USB device strings: Mfr=3, Product=2, SerialNumber=1
[    0.604150] usb usb1: Product: EHCI Host Controller
[    0.604151] usb usb1: Manufacturer: Linux 4.4.0-22-generic ehci_hcd
[    0.604151] usb usb1: SerialNumber: 0000:00:1a.0
[    0.604264] hub 1-0:1.0: USB hub found
[    0.604268] hub 1-0:1.0: 2 ports detected
[    0.604415] ehci-pci 0000:00:1d.0: EHCI Host Controller
[    0.604419] ehci-pci 0000:00:1d.0: new USB bus registered, assigned bus number 2
[    0.604428] ehci-pci 0000:00:1d.0: debug port 2
[    0.608348] ehci-pci 0000:00:1d.0: cache line size of 64 is not supported
[    0.608357] ehci-pci 0000:00:1d.0: irq 23, io mem 0xf7a1b000
[    0.620169] ehci-pci 0000:00:1d.0: USB 2.0 started, EHCI 1.00
[    0.620220] usb usb2: New USB device found, idVendor=1d6b, idProduct=0002
[    0.620222] usb usb2: New USB device strings: Mfr=3, Product=2, SerialNumber=1
[    0.620224] usb usb2: Product: EHCI Host Controller
[    0.620225] usb usb2: Manufacturer: Linux 4.4.0-22-generic ehci_hcd
[    0.620226] usb usb2: SerialNumber: 0000:00:1d.0
[    0.620414] hub 2-0:1.0: USB hub found
[    0.620420] hub 2-0:1.0: 2 ports detected
[    0.620551] ehci-platform: EHCI generic platform driver
[    0.620569] ohci_hcd: USB 1.1 'Open' Host Controller (OHCI) Driver
[    0.620573] ohci-pci: OHCI PCI platform driver
[    0.620583] ohci-platform: OHCI generic platform driver
[    0.620591] uhci_hcd: USB Universal Host Controller Interface driver
[    0.620714] xhci_hcd 0000:00:14.0: xHCI Host Controller
[    0.620719] xhci_hcd 0000:00:14.0: new USB bus registered, assigned bus number 3
[    0.621790] xhci_hcd 0000:00:14.0: hcc params 0x200077c1 hci version 0x100 quirks 0x00009810
[    0.621795] xhci_hcd 0000:00:14.0: cache line size of 64 is not supported
[    0.621881] usb usb3: New USB device found, idVendor=1d6b, idProduct=0002
[    0.621882] usb usb3: New USB device strings: Mfr=3, Product=2, SerialNumber=1
[    0.621883] usb usb3: Product: xHCI Host Controller
[    0.621884] usb usb3: Manufacturer: Linux 4.4.0-22-generic xhci-hcd
[    0.621885] usb usb3: SerialNumber: 0000:00:14.0
[    0.622031] hub 3-0:1.0: USB hub found
[    0.622046] hub 3-0:1.0: 14 ports detected
[    0.624284] xhci_hcd 0000:00:14.0: xHCI Host Controller
[    0.624286] xhci_hcd 0000:00:14.0: new USB bus registered, assigned bus number 4
[    0.624311] usb usb4: New USB device found, idVendor=1d6b, idProduct=0003
[    0.624312] usb usb4: New USB device strings: Mfr=3, Product=2, SerialNumber=1
[    0.624313] usb usb4: Product: xHCI Host Controller
[    0.624314] usb usb4: Manufacturer: Linux 4.4.0-22-generic xhci-hcd
[    0.624315] usb usb4: SerialNumber: 0000:00:14.0
[    0.624461] hub 4-0:1.0: USB hub found
[    0.624470] hub 4-0:1.0: 4 ports detected
[    0.625169] i8042: PNP: PS/2 Controller [PNP030b:PS2K,PNP0f03:PS2M] at 0x60,0x64 irq 1,12
[    0.628456] i8042: Detected active multiplexing controller, rev 1.1
[    0.631176] serio: i8042 KBD port at 0x60,0x64 irq 1
[    0.631178] serio: i8042 AUX0 port at 0x60,0x64 irq 12
[    0.631198] serio: i8042 AUX1 port at 0x60,0x64 irq 12
[    0.631213] serio: i8042 AUX2 port at 0x60,0x64 irq 12
[    0.631227] serio: i8042 AUX3 port at 0x60,0x64 irq 12
[    0.631419] mousedev: PS/2 mouse device common for all mice
[    0.631634] rtc_cmos 00:03: RTC can wake from S4
[    0.631739] rtc_cmos 00:03: rtc core: registered rtc_cmos as rtc0
[    0.631775] rtc_cmos 00:03: alarms up to one month, y3k, 242 bytes nvram, hpet irqs
[    0.631780] i2c /dev entries driver
[    0.631826] device-mapper: uevent: version 1.0.3
[    0.631891] device-mapper: ioctl: 4.34.0-ioctl (2015-10-28) initialised: dm-devel@redhat.com
[    0.631902] Intel P-state driver initializing.
[    0.632204] ledtrig-cpu: registered to indicate activity on CPUs
[    0.632215] EFI Variables Facility v0.08 2004-May-17
[    0.636672] NET: Registered protocol family 10
[    0.636866] NET: Registered protocol family 17
[    0.636879] Key type dns_resolver registered
[    0.637128] microcode: CPU0 sig=0x306c3, pf=0x20, revision=0x8
[    0.637151] microcode: CPU1 sig=0x306c3, pf=0x20, revision=0x8
[    0.637157] microcode: CPU2 sig=0x306c3, pf=0x20, revision=0x8
[    0.637165] microcode: CPU3 sig=0x306c3, pf=0x20, revision=0x8
[    0.637192] microcode: CPU4 sig=0x306c3, pf=0x20, revision=0x8
[    0.637214] microcode: CPU5 sig=0x306c3, pf=0x20, revision=0x8
[    0.637223] microcode: CPU6 sig=0x306c3, pf=0x20, revision=0x8
[    0.637232] microcode: CPU7 sig=0x306c3, pf=0x20, revision=0x8
[    0.637262] microcode: Microcode Update Driver: v2.01 <tigran@aivazian.fsnet.co.uk>, Peter Oruba
[    0.637758] EFI: Loaded cert 'ASUSTeK Notebook SW Key Certificate: b8e581e4df77a5bb4282d5ccfc00c071' linked to '.system_keyring'
[    0.637985] EFI: Loaded cert 'ASUSTeK MotherBoard SW Key Certificate: da83b990422ebc8c441f8d8b039a65a2' linked to '.system_keyring'
[    0.637996] EFI: Loaded cert 'Microsoft Corporation UEFI CA 2011: 13adbf4309bd82709c8cd54f316ed522988a1bd4' linked to '.system_keyring'
[    0.638004] EFI: Loaded cert 'Microsoft Windows Production PCA 2011: a92902398e16c49778cd90f99e4f9ae17c55af53' linked to '.system_keyring'
[    0.638206] EFI: Loaded cert 'Canonical Ltd. Master Certificate Authority: ad91990bc22ab1f517048c23b6655a268e345a63' linked to '.system_keyring'
[    0.638465] EFI: Loaded cert 'Canonical Ltd. Master Certificate Authority: ad91990bc22ab1f517048c23b6655a268e345a63' linked to '.system_keyring'
[    0.638705] EFI: Loaded cert 'DO NOT TRUST - Lost Certificate: 785bc89dfa9c5f86487c5e61a62501e5' linked to '.system_blacklist_keyring'
[    0.638716] registered taskstats version 1
[    0.638734] Loading compiled-in X.509 certificates
[    0.639303] Loaded X.509 cert 'Build time autogenerated kernel key: 10281ca0c0463cd0680138fff55319c9bd7d63b8'
[    0.639317] zswap: loaded using pool lzo/zbud
[    0.640853] Key type trusted registered
[    0.644461] Key type encrypted registered
[    0.644480] AppArmor: AppArmor sha1 policy hashing enabled
[    0.644483] ima: No TPM chip found, activating TPM-bypass!
[    0.644500] evm: HMAC attrs: 0x1
[    0.645132]   Magic number: 4:441:503
[    0.645262] rtc_cmos 00:03: setting system clock to 2016-06-01 23:29:50 UTC (1464823790)
[    0.645383] BIOS EDD facility v0.16 2004-Jun-25, 0 devices found
[    0.645384] EDD information not available.
[    0.646489] Freeing unused kernel memory: 1480K (ffffffff81f41000 - ffffffff820b3000)
[    0.646490] Write protecting the kernel read-only data: 14336k
[    0.646970] Freeing unused kernel memory: 1868K (ffff88000182d000 - ffff880001a00000)
[    0.647297] Freeing unused kernel memory: 176K (ffff880001dd4000 - ffff880001e00000)
[    0.656523] random: systemd-udevd urandom read with 13 bits of entropy available
[    0.672166] input: AT Translated Set 2 keyboard as /devices/platform/i8042/serio0/input/input3
[    0.673495] FUJITSU Extended Socket Network Device Driver - version 1.0 - Copyright (c) 2015 FUJITSU LIMITED
[    0.674912] wmi: Mapper loaded
[    0.686977] r8169 Gigabit Ethernet driver 2.3LK-NAPI loaded
[    0.686988] r8169 0000:05:00.0: can't disable ASPM; OS doesn't have ASPM control
[    0.687586] ahci 0000:00:1f.2: version 3.0
[    0.687730] ahci 0000:00:1f.2: AHCI 0001.0300 32 slots 4 ports 6 Gbps 0x14 impl SATA mode
[    0.687734] ahci 0000:00:1f.2: flags: 64bit ncq pm led clo pio slum part ems apst 
[    0.689816] [drm] Initialized drm 1.1.0 20060810
[    0.692616] scsi host0: ahci
[    0.692715] scsi host1: ahci
[    0.692784] scsi host2: ahci
[    0.692896] scsi host3: ahci
[    0.693003] scsi host4: ahci
[    0.693053] ata1: DUMMY
[    0.693058] r8169 0000:05:00.0 eth0: RTL8168g/8111g at 0xffffc90000c94000, ac:22:0b:ab:c1:d4, XID 0c000800 IRQ 29
[    0.693059] ata2: DUMMY
[    0.693061] ata3: SATA max UDMA/133 abar m2048@0xf7a1a000 port 0xf7a1a200 irq 28
[    0.693062] ata4: DUMMY
[    0.693063] r8169 0000:05:00.0 eth0: jumbo features [frames: 9200 bytes, tx checksumming: ko]
[    0.693064] ata5: SATA max UDMA/133 abar m2048@0xf7a1a000 port 0xf7a1a300 irq 28
[    0.703211] r8169 0000:05:00.0 enp5s0: renamed from eth0
[    0.719495] [drm] Memory usable by graphics device = 2048M
[    0.719498] checking generic (d0000000 7e9000) vs hw (d0000000 10000000)
[    0.719500] fb: switching to inteldrmfb from EFI VGA
[    0.719527] Console: switching to colour dummy device 80x25
[    0.719606] [drm] Replacing VGA console driver
[    0.722881] MXM: GUID detected in BIOS
[    0.722927] ACPI Warning: \_SB_.PCI0.PEG0.PEGP._DSM: Argument #4 type mismatch - Found [Buffer], ACPI requires [Package] (20150930/nsarguments-95)
[    0.722964] ACPI Warning: \_SB_.PCI0.PEG0.PEGP._DSM: Argument #4 type mismatch - Found [Buffer], ACPI requires [Package] (20150930/nsarguments-95)
[    0.723121] pci 0000:01:00.0: optimus capabilities: enabled, status dynamic power, 
[    0.723122] VGA switcheroo: detected Optimus DSM method \_SB_.PCI0.PEG0.PEGP handle
[    0.723176] nouveau 0000:01:00.0: NVIDIA GK107 (0e7240a2)
[    0.726293] [drm] Supports vblank timestamp caching Rev 2 (21.10.2013).
[    0.726295] [drm] Driver supports precise vblank timestamp query.
[    0.726782] vgaarb: device changed decodes: PCI:0000:00:02.0,olddecodes=io+mem,decodes=io+mem:owns=io+mem
[    0.738923] nouveau 0000:01:00.0: bios: version 80.07.9a.00.4b
[    0.761214] [Firmware Bug]: ACPI(PEGP) defines _DOD but not _DOS
[    0.763066] ACPI: Video Device [PEGP] (multi-head: yes  rom: yes  post: no)
[    0.765037] input: Video Bus as /devices/LNXSYSTM:00/LNXSYBUS:00/PNP0A08:00/device:64/LNXVIDEO:00/input/input7
[    0.766919] ACPI: Video Device [GFX0] (multi-head: yes  rom: no  post: no)
[    0.768864] input: Video Bus as /devices/LNXSYSTM:00/LNXSYBUS:00/PNP0A08:00/LNXVIDEO:01/input/input8
[    0.768975] [drm] Initialized i915 1.6.0 20151010 for 0000:00:02.0 on minor 0
[    0.828259] [drm] GMBUS [i915 gmbus vga] timed out, falling back to bit banging on pin 2
[    0.924148] usb 1-1: new high-speed USB device number 2 using ehci-pci
[    0.936121] usb 2-1: new high-speed USB device number 2 using ehci-pci
[    0.936130] usb 3-3: new low-speed USB device number 2 using xhci_hcd
[    1.012216] ata3: SATA link up 1.5 Gbps (SStatus 113 SControl 300)
[    1.012305] ata5: SATA link up 6.0 Gbps (SStatus 133 SControl 300)
[    1.013550] ata5.00: ACPI cmd ef/10:06:00:00:00:00 (SET FEATURES) succeeded
[    1.013552] ata5.00: ACPI cmd f5/00:00:00:00:00:00 (SECURITY FREEZE LOCK) filtered out
[    1.013554] ata5.00: ACPI cmd b1/c1:00:00:00:00:00 (DEVICE CONFIGURATION OVERLAY) filtered out
[    1.013941] ata3.00: ATAPI: MATSHITADVD-RAM UJ8C2 S, 1.00, max UDMA/133
[    1.014710] ata5.00: ATA-8: HGST HTS541010A9E680, JA0OA560, max UDMA/133
[    1.014711] ata5.00: 1953525168 sectors, multi 16: LBA48 NCQ (depth 31/32), AA
[    1.015279] ata3.00: configured for UDMA/133
[    1.016027] ata5.00: ACPI cmd ef/10:06:00:00:00:00 (SET FEATURES) succeeded
[    1.016028] ata5.00: ACPI cmd f5/00:00:00:00:00:00 (SECURITY FREEZE LOCK) filtered out
[    1.016030] ata5.00: ACPI cmd b1/c1:00:00:00:00:00 (DEVICE CONFIGURATION OVERLAY) filtered out
[    1.017230] ata5.00: configured for UDMA/133
[    1.018853] scsi 2:0:0:0: CD-ROM            MATSHITA DVD-RAM UJ8C2 S  1.00 PQ: 0 ANSI: 5
[    1.034601] sr 2:0:0:0: [sr0] scsi3-mmc drive: 24x/24x writer dvd-ram cd/rw xa/form2 cdda tray
[    1.034603] cdrom: Uniform CD-ROM driver Revision: 3.20
[    1.034813] sr 2:0:0:0: Attached scsi CD-ROM sr0
[    1.034967] sr 2:0:0:0: Attached scsi generic sg0 type 5
[    1.035576] scsi 4:0:0:0: Direct-Access     ATA      HGST HTS541010A9 A560 PQ: 0 ANSI: 5
[    1.036021] sd 4:0:0:0: Attached scsi generic sg1 type 0
[    1.036130] sd 4:0:0:0: [sda] 1953525168 512-byte logical blocks: (1.00 TB/932 GiB)
[    1.036132] sd 4:0:0:0: [sda] 4096-byte physical blocks
[    1.036474] sd 4:0:0:0: [sda] Write Protect is off
[    1.036476] sd 4:0:0:0: [sda] Mode Sense: 00 3a 00 00
[    1.036578] sd 4:0:0:0: [sda] Write cache: enabled, read cache: enabled, doesn't support DPO or FUA
[    1.056480] usb 1-1: New USB device found, idVendor=8087, idProduct=8008
[    1.056482] usb 1-1: New USB device strings: Mfr=0, Product=0, SerialNumber=0
[    1.056742] hub 1-1:1.0: USB hub found
[    1.056824] hub 1-1:1.0: 6 ports detected
[    1.067655] usb 3-3: New USB device found, idVendor=046d, idProduct=c05a
[    1.067657] usb 3-3: New USB device strings: Mfr=1, Product=2, SerialNumber=0
[    1.067658] usb 3-3: Product: USB Optical Mouse
[    1.067659] usb 3-3: Manufacturer: Logitech
[    1.067750] usb 3-3: ep 0x81 - rounding interval to 64 microframes, ep desc says 80 microframes
[    1.068481] usb 2-1: New USB device found, idVendor=8087, idProduct=8000
[    1.068484] usb 2-1: New USB device strings: Mfr=0, Product=0, SerialNumber=0
[    1.068727] hub 2-1:1.0: USB hub found
[    1.068835] hub 2-1:1.0: 8 ports detected
[    1.070723] hidraw: raw HID events driver (C) Jiri Kosina
[    1.073601] usbcore: registered new interface driver usbhid
[    1.073603] usbhid: USB HID core driver
[    1.075003] input: Logitech USB Optical Mouse as /devices/pci0000:00/0000:00:14.0/usb3/3-3/3-3:1.0/0003:046D:C05A.0001/input/input14
[    1.075197] hid-generic 0003:046D:C05A.0001: input,hidraw0: USB HID v1.11 Mouse [Logitech USB Optical Mouse] on usb-0000:00:14.0-3/input0
[    1.100316] fbcon: inteldrmfb (fb0) is primary device
[    1.100365] Console: switching to colour frame buffer device 240x67
[    1.100382] i915 0000:00:02.0: fb0: inteldrmfb frame buffer device
[    1.104640]  sda: sda1 sda2 sda3 sda4 sda5 sda6 sda7 sda8 sda9 sda10
[    1.105684] sd 4:0:0:0: [sda] Attached SCSI disk
[    1.180229] usb 3-5: new full-speed USB device number 3 using xhci_hcd
[    1.310018] usb 3-5: New USB device found, idVendor=13d3, idProduct=3402
[    1.310021] usb 3-5: New USB device strings: Mfr=1, Product=2, SerialNumber=3
[    1.310022] usb 3-5: Product: Bluetooth USB Host Controller
[    1.310023] usb 3-5: Manufacturer: Atheros Communications
[    1.310024] usb 3-5: SerialNumber: Alaska Day 2006
[    1.426730] nouveau 0000:01:00.0: fb: 2048 MiB DDR3
[    1.426819] nouveau 0000:01:00.0: bus: MMIO write of 00000002 FAULT at 4188ac [ IBUS ]
[    1.476115] usb 3-7: new high-speed USB device number 4 using xhci_hcd
[    1.576115] tsc: Refined TSC clocksource calibration: 2394.452 MHz
[    1.576117] clocksource: tsc: mask: 0xffffffffffffffff max_cycles: 0x2283be6f12a, max_idle_ns: 440795258165 ns
[    1.705494] usb 3-7: New USB device found, idVendor=13d3, idProduct=5188
[    1.705496] usb 3-7: New USB device strings: Mfr=3, Product=1, SerialNumber=2
[    1.705498] usb 3-7: Product: USB2.0 UVC HD Webcam
[    1.705499] usb 3-7: Manufacturer: Azurewave
[    1.705500] usb 3-7: SerialNumber: NULL
[    1.781085] psmouse serio4: elantech: assuming hardware version 4 (with firmware version 0x361f03)
[    1.795748] psmouse serio4: elantech: Synaptics capabilities query result 0x10, 0x14, 0x0e.
[    1.811438] psmouse serio4: elantech: Elan sample query result 05, 24, 64
[    1.876094] usb 3-8: new high-speed USB device number 5 using xhci_hcd
[    1.886043] input: ETPS/2 Elantech Touchpad as /devices/platform/i8042/serio4/input/input13
[    2.004481] usb 3-8: New USB device found, idVendor=0bda, idProduct=0139
[    2.004483] usb 3-8: New USB device strings: Mfr=1, Product=2, SerialNumber=3
[    2.004484] usb 3-8: Product: USB2.0-CRW
[    2.004485] usb 3-8: Manufacturer: Generic
[    2.004486] usb 3-8: SerialNumber: 20100201396000000
[    2.008152] usbcore: registered new interface driver rtsx_usb
[    2.172097] usb 3-10: new full-speed USB device number 6 using xhci_hcd
[    2.301323] usb 3-10: New USB device found, idVendor=04f3, idProduct=010c
[    2.301326] usb 3-10: New USB device strings: Mfr=4, Product=14, SerialNumber=0
[    2.301328] usb 3-10: Product: Touchscreen
[    2.301329] usb 3-10: Manufacturer: ELAN
[    2.301477] usb 3-10: ep 0x2 - rounding interval to 64 microframes, ep desc says 80 microframes
[    2.580079] clocksource: Switched to clocksource tsc
[    2.728228] vga_switcheroo: enabled
[    2.728457] [TTM] Zone  kernel: Available graphics memory: 4027838 kiB
[    2.728459] [TTM] Zone   dma32: Available graphics memory: 2097152 kiB
[    2.728460] [TTM] Initializing pool allocator
[    2.728463] [TTM] Initializing DMA pool allocator
[    2.728470] nouveau 0000:01:00.0: DRM: VRAM: 2048 MiB
[    2.728471] nouveau 0000:01:00.0: DRM: GART: 1048576 MiB
[    2.728474] nouveau 0000:01:00.0: DRM: Pointer to TMDS table invalid
[    2.728475] nouveau 0000:01:00.0: DRM: DCB version 4.0
[    2.728485] nouveau 0000:01:00.0: DRM: Pointer to flat panel table invalid
[    2.918202] nouveau 0000:01:00.0: DRM: MM: using COPY for buffer copies
[    2.918206] [drm] Initialized nouveau 1.3.1 20120801 for 0000:01:00.0 on minor 1
[    2.970043] random: nonblocking pool is initialized
[    3.185234] EXT4-fs (sda10): mounted filesystem with ordered data mode. Opts: (null)
[    4.294350] systemd[1]: systemd 229 running in system mode. (+PAM +AUDIT +SELINUX +IMA +APPARMOR +SMACK +SYSVINIT +UTMP +LIBCRYPTSETUP +GCRYPT +GNUTLS +ACL +XZ -LZ4 +SECCOMP +BLKID +ELFUTILS +KMOD -IDN)
[    4.294503] systemd[1]: Detected architecture x86-64.
[    4.298762] usb 3-10: USB disconnect, device number 6
[    4.305064] systemd[1]: Set hostname to <Lappytop>.
[    4.568039] usb 3-10: new full-speed USB device number 7 using xhci_hcd
[    4.701168] usb 3-10: New USB device found, idVendor=04f3, idProduct=010c
[    4.701171] usb 3-10: New USB device strings: Mfr=4, Product=14, SerialNumber=0
[    4.701173] usb 3-10: Product: Touchscreen
[    4.701174] usb 3-10: Manufacturer: ELAN
[    4.701322] usb 3-10: ep 0x2 - rounding interval to 64 microframes, ep desc says 80 microframes
[    6.149547] systemd[1]: Listening on udev Control Socket.
[    6.149628] systemd[1]: Started Forward Password Requests to Wall Directory Watch.
[    6.149644] systemd[1]: Listening on fsck to fsckd communication Socket.
[    6.149714] systemd[1]: Created slice System Slice.
[    6.149727] systemd[1]: Reached target Remote File Systems (Pre).
[    6.149734] systemd[1]: Reached target Encrypted Volumes.
[    6.149774] systemd[1]: Created slice User and Session Slice.
[    6.149796] systemd[1]: Listening on Syslog Socket.
[    6.149803] systemd[1]: Reached target Slices.
[    6.149809] systemd[1]: Reached target Remote File Systems.
[    6.149895] systemd[1]: Set up automount Arbitrary Executable File Formats File System Automount Point.
[    6.149904] systemd[1]: Reached target User and Group Name Lookups.
[    6.149925] systemd[1]: Listening on Journal Socket (/dev/log).
[    6.149944] systemd[1]: Listening on /dev/initctl Compatibility Named Pipe.
[    6.149994] systemd[1]: Created slice system-getty.slice.
[    6.150020] systemd[1]: Listening on Journal Socket.
[    6.160157] systemd[1]: Mounting POSIX Message Queue File System...
[    6.160744] systemd[1]: Starting Create list of required static device nodes for the current kernel...
[    6.161097] systemd[1]: Mounting Huge Pages File System...
[    6.272067] systemd[1]: Starting Load Kernel Modules...
[    6.272379] systemd[1]: Started Read required files in advance.
[    6.432067] systemd[1]: Mounting Debug File System...
[    6.432187] systemd[1]: Created slice system-systemd\x2dfsck.slice.
[    6.432494] systemd[1]: Starting Uncomplicated firewall...
[    6.432536] systemd[1]: Listening on udev Kernel Socket.
[    6.432613] systemd[1]: Listening on Journal Audit Socket.
[    6.432921] systemd[1]: Starting Journal Service...
[    6.433204] systemd[1]: Started Braille Device Support.
[    6.434119] systemd[1]: Mounted Huge Pages File System.
[    6.434142] systemd[1]: Mounted Debug File System.
[    6.434158] systemd[1]: Mounted POSIX Message Queue File System.
[    6.434363] systemd[1]: Started Create list of required static device nodes for the current kernel.
[    6.447605] systemd[1]: Starting Create Static Device Nodes in /dev...
[    6.699345] usb 3-10: USB disconnect, device number 7
[    6.701777] systemd[1]: Started Uncomplicated firewall.
[    6.967935] usb 3-10: new full-speed USB device number 8 using xhci_hcd
[    7.096354] systemd[1]: Started Journal Service.
[    7.096950] usb 3-10: New USB device found, idVendor=04f3, idProduct=010c
[    7.096952] usb 3-10: New USB device strings: Mfr=4, Product=14, SerialNumber=0
[    7.096953] usb 3-10: Product: Touchscreen
[    7.096954] usb 3-10: Manufacturer: ELAN
[    7.097039] usb 3-10: ep 0x2 - rounding interval to 64 microframes, ep desc says 80 microframes
[    7.198739] lp: driver loaded but no devices found
[    7.240386] ppdev: user-space parallel port driver
[    7.915985] ACPI Warning: \_SB_.PCI0.PEG0.PEGP._DSM: Argument #4 type mismatch - Found [Buffer], ACPI requires [Package] (20150930/nsarguments-95)
[    7.916311] ACPI: \_SB_.PCI0.PEG0.PEGP: failed to evaluate _DSM
[    7.916315] ACPI Warning: \_SB_.PCI0.PEG0.PEGP._DSM: Argument #4 type mismatch - Found [Buffer], ACPI requires [Package] (20150930/nsarguments-95)
[    7.916526] nouveau 0000:01:00.0: DRM: evicting buffers...
[    7.916528] nouveau 0000:01:00.0: DRM: waiting for kernel channels to go idle...
[    7.916546] nouveau 0000:01:00.0: DRM: suspending client object trees...
[    7.921833] nouveau 0000:01:00.0: DRM: suspending kernel object tree...
[    8.475808] input: ELAN Touchscreen as /devices/pci0000:00/0000:00:14.0/usb3/3-10/3-10:1.0/0003:04F3:010C.0004/input/input15
[    8.475932] hid-multitouch 0003:04F3:010C.0004: input,hiddev0,hidraw1: USB HID v1.10 Device [ELAN Touchscreen] on usb-0000:00:14.0-10/input0
[    8.959007] EXT4-fs (sda10): re-mounted. Opts: errors=remount-ro
[    9.039380] systemd-journald[278]: Received request to flush runtime journal from PID 1
[    9.309645] shpchp: Standard Hot Plug PCI Controller Driver version: 0.4
[    9.507827] EDAC MC: Ver: 3.0.0
[    9.545748] EDAC ie31200: No ECC support
[    9.677562] media: Linux media interface: v0.10
[    9.790255] Linux video capture interface: v2.00
[   10.208737] Bluetooth: Core ver 2.21
[   10.208746] NET: Registered protocol family 31
[   10.208747] Bluetooth: HCI device and connection manager initialized
[   10.208749] Bluetooth: HCI socket layer initialized
[   10.208751] Bluetooth: L2CAP socket layer initialized
[   10.208754] Bluetooth: SCO socket layer initialized
[   10.219298] asus_wmi: ASUS WMI generic driver loaded
[   10.241616] asus_wmi: Initialization: 0x1
[   10.241643] asus_wmi: BIOS WMI version: 7.9
[   10.241675] asus_wmi: SFUN value: 0x6a0877
[   10.242352] input: Asus WMI hotkeys as /devices/platform/asus-nb-wmi/input/input17
[   10.243681] asus_wmi: Number of fans: 1
[   10.316553] usbcore: registered new interface driver btusb
[   10.323264] usb 3-5: USB disconnect, device number 3
[   10.355280] AVX2 version of gcm_enc/dec engaged.
[   10.355283] AES CTR mode by8 optimization enabled
[   10.364727] uvcvideo: Found UVC 1.00 device USB2.0 UVC HD Webcam (13d3:5188)
[   10.370115] input: USB2.0 UVC HD Webcam as /devices/pci0000:00/0000:00:14.0/usb3/3-7/3-7:1.0/input/input18
[   10.370161] usbcore: registered new interface driver uvcvideo
[   10.370162] USB Video Class driver (1.1.1)
[   10.434037] usbcore: registered new interface driver ath3k
[   10.892309] snd_hda_intel 0000:00:03.0: bound 0000:00:02.0 (ops i915_audio_component_bind_ops [i915])
[   11.018090] snd_hda_codec_realtek hdaudioC1D0: autoconfig for ALC668: line_outs=2 (0x14/0x1a/0x0/0x0/0x0) type:speaker
[   11.018093] snd_hda_codec_realtek hdaudioC1D0:    speaker_outs=0 (0x0/0x0/0x0/0x0/0x0)
[   11.018094] snd_hda_codec_realtek hdaudioC1D0:    hp_outs=1 (0x15/0x0/0x0/0x0/0x0)
[   11.018095] snd_hda_codec_realtek hdaudioC1D0:    mono: mono_out=0x0
[   11.018096] snd_hda_codec_realtek hdaudioC1D0:    inputs:
[   11.018097] snd_hda_codec_realtek hdaudioC1D0:      Mic=0x1b
[   11.018099] snd_hda_codec_realtek hdaudioC1D0:      Internal Mic=0x12
[   11.027623] input: HDA Intel PCH Mic as /devices/pci0000:00/0000:00:1b.0/sound/card1/input19
[   11.027668] input: HDA Intel PCH Headphone as /devices/pci0000:00/0000:00:1b.0/sound/card1/input20
[   11.110485] input: HDA Intel HDMI HDMI/DP,pcm=3 as /devices/pci0000:00/0000:00:03.0/sound/card0/input21
[   11.110522] input: HDA Intel HDMI HDMI/DP,pcm=7 as /devices/pci0000:00/0000:00:03.0/sound/card0/input22
[   11.110554] input: HDA Intel HDMI HDMI/DP,pcm=8 as /devices/pci0000:00/0000:00:03.0/sound/card0/input23
[   11.160249] ath: phy0: Set parameters for CUS198
[   11.160251] ath: phy0: Set BT/WLAN RX diversity capability
[   11.166768] ath: phy0: Enable LNA combining
[   11.167927] ath: phy0: ASPM enabled: 0x42
[   11.167928] ath: EEPROM regdomain: 0x60
[   11.167929] ath: EEPROM indicates we should expect a direct regpair map
[   11.167930] ath: Country alpha2 being used: 00
[   11.167931] ath: Regpair used: 0x60
[   11.247838] ieee80211 phy0: Selected rate control algorithm 'minstrel_ht'
[   11.248087] ieee80211 phy0: Atheros AR9485 Rev:1 mem=0xffffc90001f00000, irq=18
[   11.306146] ath9k 0000:04:00.0 wlp4s0: renamed from wlan0
[   11.720204] cfg80211: World regulatory domain updated:
[   11.720208] cfg80211:  DFS Master region: unset
[   11.720210] cfg80211:   (start_freq - end_freq @ bandwidth), (max_antenna_gain, max_eirp), (dfs_cac_time)
[   11.720213] cfg80211:   (2402000 KHz - 2472000 KHz @ 40000 KHz), (N/A, 2000 mBm), (N/A)
[   11.720216] cfg80211:   (2457000 KHz - 2482000 KHz @ 40000 KHz), (N/A, 2000 mBm), (N/A)
[   11.720218] cfg80211:   (2474000 KHz - 2494000 KHz @ 20000 KHz), (N/A, 2000 mBm), (N/A)
[   11.720221] cfg80211:   (5170000 KHz - 5250000 KHz @ 80000 KHz, 160000 KHz AUTO), (N/A, 2000 mBm), (N/A)
[   11.720224] cfg80211:   (5250000 KHz - 5330000 KHz @ 80000 KHz, 160000 KHz AUTO), (N/A, 2000 mBm), (0 s)
[   11.720226] cfg80211:   (5490000 KHz - 5730000 KHz @ 160000 KHz), (N/A, 2000 mBm), (0 s)
[   11.720228] cfg80211:   (5735000 KHz - 5835000 KHz @ 80000 KHz), (N/A, 2000 mBm), (N/A)
[   11.720231] cfg80211:   (57240000 KHz - 63720000 KHz @ 2160000 KHz), (N/A, 0 mBm), (N/A)
[   11.817229] intel_rapl: Found RAPL domain package
[   11.817232] intel_rapl: Found RAPL domain core
[   11.817234] intel_rapl: Found RAPL domain uncore
[   11.817235] intel_rapl: Found RAPL domain dram
[   11.817237] intel_rapl: RAPL package 0 domain package locked by BIOS
[   11.817241] intel_rapl: RAPL package 0 domain dram locked by BIOS
[   12.224284] Adding 8268796k swap on /dev/sda9.  Priority:-1 extents:1 across:8268796k FS
[   15.241865] nouveau 0000:01:00.0: DRM: resuming kernel object tree...
[   15.878332] nouveau 0000:01:00.0: bus: MMIO write of 00000002 FAULT at 4188ac [ IBUS ]
[   15.946349] nouveau 0000:01:00.0: DRM: resuming client object trees...
[   18.419589] audit: type=1400 audit(1464840731.617:2): apparmor="STATUS" operation="profile_load" profile="unconfined" name="/usr/bin/ubuntu-core-launcher" pid=709 comm="apparmor_parser"
[   18.447470] audit: type=1400 audit(1464840731.645:3): apparmor="STATUS" operation="profile_load" profile="unconfined" name="/usr/sbin/ippusbxd" pid=714 comm="apparmor_parser"
[   18.472190] audit: type=1400 audit(1464840731.673:4): apparmor="STATUS" operation="profile_load" profile="unconfined" name="/usr/sbin/tcpdump" pid=716 comm="apparmor_parser"
[   18.472847] audit: type=1400 audit(1464840731.673:5): apparmor="STATUS" operation="profile_load" profile="unconfined" name="/sbin/dhclient" pid=706 comm="apparmor_parser"
[   18.472861] audit: type=1400 audit(1464840731.673:6): apparmor="STATUS" operation="profile_load" profile="unconfined" name="/usr/lib/NetworkManager/nm-dhcp-client.action" pid=706 comm="apparmor_parser"
[   18.472864] audit: type=1400 audit(1464840731.673:7): apparmor="STATUS" operation="profile_load" profile="unconfined" name="/usr/lib/NetworkManager/nm-dhcp-helper" pid=706 comm="apparmor_parser"
[   18.472867] audit: type=1400 audit(1464840731.673:8): apparmor="STATUS" operation="profile_load" profile="unconfined" name="/usr/lib/connman/scripts/dhclient-script" pid=706 comm="apparmor_parser"
[   18.495912] audit: type=1400 audit(1464840731.697:9): apparmor="STATUS" operation="profile_load" profile="unconfined" name="/usr/sbin/cups-browsed" pid=712 comm="apparmor_parser"
[   18.500979] audit: type=1400 audit(1464840731.701:10): apparmor="STATUS" operation="profile_load" profile="unconfined" name="/usr/lib/cups/backend/cups-pdf" pid=713 comm="apparmor_parser"
[   18.500986] audit: type=1400 audit(1464840731.701:11): apparmor="STATUS" operation="profile_load" profile="unconfined" name="/usr/sbin/cupsd" pid=713 comm="apparmor_parser"
[   21.524143] cgroup: new mount options do not match the existing superblock, will be ignored
[   21.972115] Bluetooth: BNEP (Ethernet Emulation) ver 1.3
[   21.972118] Bluetooth: BNEP filters: protocol multicast
[   21.972120] Bluetooth: BNEP socket layer initialized
[   25.220574] IPv6: ADDRCONF(NETDEV_UP): wlp4s0: link is not ready
[   25.234897] IPv6: ADDRCONF(NETDEV_UP): wlp4s0: link is not ready
[   25.237918] IPv6: ADDRCONF(NETDEV_UP): enp5s0: link is not ready
[   25.370083] r8169 0000:05:00.0 enp5s0: link down
[   25.370084] r8169 0000:05:00.0 enp5s0: link down
[   25.370154] IPv6: ADDRCONF(NETDEV_UP): enp5s0: link is not ready
[   25.610113] IPv6: ADDRCONF(NETDEV_UP): wlp4s0: link is not ready
[   26.587375] wlp4s0: authenticate with c0:56:27:ae:ae:78
[   26.601501] wlp4s0: send auth to c0:56:27:ae:ae:78 (try 1/3)
[   26.605375] wlp4s0: authenticated
[   26.607445] wlp4s0: associate with c0:56:27:ae:ae:78 (try 1/3)
[   26.612935] wlp4s0: RX AssocResp from c0:56:27:ae:ae:78 (capab=0x411 status=0 aid=3)
[   26.613000] wlp4s0: associated
[   26.613007] IPv6: ADDRCONF(NETDEV_CHANGE): wlp4s0: link becomes ready
[   26.674645] ath: EEPROM regdomain: 0x8348
[   26.674649] ath: EEPROM indicates we should expect a country code
[   26.674650] ath: doing EEPROM country->regdmn map search
[   26.674652] ath: country maps to regdmn code: 0x3a
[   26.674653] ath: Country alpha2 being used: US
[   26.674654] ath: Regpair used: 0x3a
[   26.674656] ath: regdomain 0x8348 dynamically updated by country IE
[   26.674674] cfg80211: Regulatory domain changed to country: US
[   26.674675] cfg80211:  DFS Master region: FCC
[   26.674677] cfg80211:   (start_freq - end_freq @ bandwidth), (max_antenna_gain, max_eirp), (dfs_cac_time)
[   26.674680] cfg80211:   (2402000 KHz - 2472000 KHz @ 40000 KHz), (N/A, 3000 mBm), (N/A)
[   26.674682] cfg80211:   (5170000 KHz - 5250000 KHz @ 80000 KHz, 160000 KHz AUTO), (N/A, 1700 mBm), (N/A)
[   26.674685] cfg80211:   (5250000 KHz - 5330000 KHz @ 80000 KHz, 160000 KHz AUTO), (N/A, 2300 mBm), (0 s)
[   26.674687] cfg80211:   (5490000 KHz - 5730000 KHz @ 160000 KHz), (N/A, 2300 mBm), (0 s)
[   26.674689] cfg80211:   (5735000 KHz - 5835000 KHz @ 80000 KHz), (N/A, 3000 mBm), (N/A)
[   26.674691] cfg80211:   (57240000 KHz - 63720000 KHz @ 2160000 KHz), (N/A, 4000 mBm), (N/A)
[   26.988963] r8169 0000:05:00.0 enp5s0: link up
[   26.988972] IPv6: ADDRCONF(NETDEV_CHANGE): enp5s0: link becomes ready
[   30.943379] ACPI Warning: \_SB_.PCI0.PEG0.PEGP._DSM: Argument #4 type mismatch - Found [Buffer], ACPI requires [Package] (20150930/nsarguments-95)
[   30.943711] ACPI: \_SB_.PCI0.PEG0.PEGP: failed to evaluate _DSM
[   30.943717] ACPI Warning: \_SB_.PCI0.PEG0.PEGP._DSM: Argument #4 type mismatch - Found [Buffer], ACPI requires [Package] (20150930/nsarguments-95)
[   30.943931] nouveau 0000:01:00.0: DRM: evicting buffers...
[   30.952277] nouveau 0000:01:00.0: DRM: waiting for kernel channels to go idle...
[   30.952299] nouveau 0000:01:00.0: DRM: suspending client object trees...
[   30.957687] nouveau 0000:01:00.0: DRM: suspending kernel object tree...
[ 7883.613298] cfg80211: World regulatory domain updated:
[ 7883.613300] cfg80211:  DFS Master region: unset
[ 7883.613301] cfg80211:   (start_freq - end_freq @ bandwidth), (max_antenna_gain, max_eirp), (dfs_cac_time)
[ 7883.613302] cfg80211:   (2402000 KHz - 2472000 KHz @ 40000 KHz), (N/A, 2000 mBm), (N/A)
[ 7883.613303] cfg80211:   (2457000 KHz - 2482000 KHz @ 40000 KHz), (N/A, 2000 mBm), (N/A)
[ 7883.613304] cfg80211:   (2474000 KHz - 2494000 KHz @ 20000 KHz), (N/A, 2000 mBm), (N/A)
[ 7883.613305] cfg80211:   (5170000 KHz - 5250000 KHz @ 80000 KHz, 160000 KHz AUTO), (N/A, 2000 mBm), (N/A)
[ 7883.613306] cfg80211:   (5250000 KHz - 5330000 KHz @ 80000 KHz, 160000 KHz AUTO), (N/A, 2000 mBm), (0 s)
[ 7883.613307] cfg80211:   (5490000 KHz - 5730000 KHz @ 160000 KHz), (N/A, 2000 mBm), (0 s)
[ 7883.613308] cfg80211:   (5735000 KHz - 5835000 KHz @ 80000 KHz), (N/A, 2000 mBm), (N/A)
[ 7883.613309] cfg80211:   (57240000 KHz - 63720000 KHz @ 2160000 KHz), (N/A, 0 mBm), (N/A)
[ 7884.629136] wlp4s0: authenticate with c0:56:27:ae:ae:78
[ 7884.649607] wlp4s0: send auth to c0:56:27:ae:ae:78 (try 1/3)
[ 7884.760179] wlp4s0: send auth to c0:56:27:ae:ae:78 (try 2/3)
[ 7884.764328] wlp4s0: authenticated
[ 7884.768158] wlp4s0: associate with c0:56:27:ae:ae:78 (try 1/3)
[ 7884.772391] wlp4s0: RX AssocResp from c0:56:27:ae:ae:78 (capab=0x411 status=0 aid=3)
[ 7884.772463] wlp4s0: associated
[ 7884.785218] ath: EEPROM regdomain: 0x8348
[ 7884.785220] ath: EEPROM indicates we should expect a country code
[ 7884.785221] ath: doing EEPROM country->regdmn map search
[ 7884.785222] ath: country maps to regdmn code: 0x3a
[ 7884.785223] ath: Country alpha2 being used: US
[ 7884.785223] ath: Regpair used: 0x3a
[ 7884.785224] ath: regdomain 0x8348 dynamically updated by country IE
[ 7884.785238] cfg80211: Regulatory domain changed to country: US
[ 7884.785238] cfg80211:  DFS Master region: FCC
[ 7884.785239] cfg80211:   (start_freq - end_freq @ bandwidth), (max_antenna_gain, max_eirp), (dfs_cac_time)
[ 7884.785241] cfg80211:   (2402000 KHz - 2472000 KHz @ 40000 KHz), (N/A, 3000 mBm), (N/A)
[ 7884.785242] cfg80211:   (5170000 KHz - 5250000 KHz @ 80000 KHz, 160000 KHz AUTO), (N/A, 1700 mBm), (N/A)
[ 7884.785243] cfg80211:   (5250000 KHz - 5330000 KHz @ 80000 KHz, 160000 KHz AUTO), (N/A, 2300 mBm), (0 s)
[ 7884.785244] cfg80211:   (5490000 KHz - 5730000 KHz @ 160000 KHz), (N/A, 2300 mBm), (0 s)
[ 7884.785245] cfg80211:   (5735000 KHz - 5835000 KHz @ 80000 KHz), (N/A, 3000 mBm), (N/A)
[ 7884.785246] cfg80211:   (57240000 KHz - 63720000 KHz @ 2160000 KHz), (N/A, 4000 mBm), (N/A)
[ 9068.578840] cfg80211: World regulatory domain updated:
[ 9068.578842] cfg80211:  DFS Master region: unset
[ 9068.578843] cfg80211:   (start_freq - end_freq @ bandwidth), (max_antenna_gain, max_eirp), (dfs_cac_time)
[ 9068.578844] cfg80211:   (2402000 KHz - 2472000 KHz @ 40000 KHz), (N/A, 2000 mBm), (N/A)
[ 9068.578845] cfg80211:   (2457000 KHz - 2482000 KHz @ 40000 KHz), (N/A, 2000 mBm), (N/A)
[ 9068.578846] cfg80211:   (2474000 KHz - 2494000 KHz @ 20000 KHz), (N/A, 2000 mBm), (N/A)
[ 9068.578847] cfg80211:   (5170000 KHz - 5250000 KHz @ 80000 KHz, 160000 KHz AUTO), (N/A, 2000 mBm), (N/A)
[ 9068.578848] cfg80211:   (5250000 KHz - 5330000 KHz @ 80000 KHz, 160000 KHz AUTO), (N/A, 2000 mBm), (0 s)
[ 9068.578849] cfg80211:   (5490000 KHz - 5730000 KHz @ 160000 KHz), (N/A, 2000 mBm), (0 s)
[ 9068.578850] cfg80211:   (5735000 KHz - 5835000 KHz @ 80000 KHz), (N/A, 2000 mBm), (N/A)
[ 9068.578851] cfg80211:   (57240000 KHz - 63720000 KHz @ 2160000 KHz), (N/A, 0 mBm), (N/A)
[ 9081.514865] wlp4s0: authenticate with c0:56:27:ae:ae:78
[ 9081.535171] wlp4s0: send auth to c0:56:27:ae:ae:78 (try 1/3)
[ 9081.544195] wlp4s0: authenticated
[ 9081.545851] wlp4s0: associate with c0:56:27:ae:ae:78 (try 1/3)
[ 9081.549980] wlp4s0: RX AssocResp from c0:56:27:ae:ae:78 (capab=0x411 status=0 aid=3)
[ 9081.550028] wlp4s0: associated
[ 9081.562180] ath: EEPROM regdomain: 0x8348
[ 9081.562181] ath: EEPROM indicates we should expect a country code
[ 9081.562182] ath: doing EEPROM country->regdmn map search
[ 9081.562183] ath: country maps to regdmn code: 0x3a
[ 9081.562184] ath: Country alpha2 being used: US
[ 9081.562184] ath: Regpair used: 0x3a
[ 9081.562185] ath: regdomain 0x8348 dynamically updated by country IE
[ 9081.562199] cfg80211: Regulatory domain changed to country: US
[ 9081.562200] cfg80211:  DFS Master region: FCC
[ 9081.562201] cfg80211:   (start_freq - end_freq @ bandwidth), (max_antenna_gain, max_eirp), (dfs_cac_time)
[ 9081.562202] cfg80211:   (2402000 KHz - 2472000 KHz @ 40000 KHz), (N/A, 3000 mBm), (N/A)
[ 9081.562203] cfg80211:   (5170000 KHz - 5250000 KHz @ 80000 KHz, 160000 KHz AUTO), (N/A, 1700 mBm), (N/A)
[ 9081.562204] cfg80211:   (5250000 KHz - 5330000 KHz @ 80000 KHz, 160000 KHz AUTO), (N/A, 2300 mBm), (0 s)
[ 9081.562205] cfg80211:   (5490000 KHz - 5730000 KHz @ 160000 KHz), (N/A, 2300 mBm), (0 s)
[ 9081.562206] cfg80211:   (5735000 KHz - 5835000 KHz @ 80000 KHz), (N/A, 3000 mBm), (N/A)
[ 9081.562207] cfg80211:   (57240000 KHz - 63720000 KHz @ 2160000 KHz), (N/A, 4000 mBm), (N/A)
[12194.960688] i915 0000:00:02.0: BAR 6: [??? 0x00000000 flags 0x2] has bogus alignment
[12194.960956] pci_bus 0000:02: Allocating resources
[12194.960965] pcieport 0000:00:1c.0: bridge window [io  0x1000-0x0fff] to [bus 02] add_size 1000
[12194.960967] pcieport 0000:00:1c.0: bridge window [mem 0x00100000-0x000fffff 64bit pref] to [bus 02] add_size 200000 add_align 100000
[12194.960969] pcieport 0000:00:1c.0: bridge window [mem 0x00100000-0x000fffff] to [bus 02] add_size 200000 add_align 100000
[12194.960974] pci_bus 0000:03: Allocating resources
[12194.960985] pci_bus 0000:04: Allocating resources
[12194.960994] pcieport 0000:00:1c.2: bridge window [io  0x1000-0x0fff] to [bus 04] add_size 1000
[12194.960995] pcieport 0000:00:1c.2: bridge window [mem 0x00100000-0x000fffff 64bit pref] to [bus 04] add_size 200000 add_align 100000
[12194.961000] pci_bus 0000:05: Allocating resources
[12194.961010] i915 0000:00:02.0: BAR 6: [??? 0x00000000 flags 0x2] has bogus alignment
[12194.961013] pcieport 0000:00:1c.0: res[14]=[mem 0x00100000-0x000fffff] res_to_dev_res add_size 200000 min_align 100000
[12194.961014] pcieport 0000:00:1c.0: res[14]=[mem 0x00100000-0x002fffff] res_to_dev_res add_size 200000 min_align 100000
[12194.961015] pcieport 0000:00:1c.0: res[15]=[mem 0x00100000-0x000fffff 64bit pref] res_to_dev_res add_size 200000 min_align 100000
[12194.961016] pcieport 0000:00:1c.0: res[15]=[mem 0x00100000-0x002fffff 64bit pref] res_to_dev_res add_size 200000 min_align 100000
[12194.961017] pcieport 0000:00:1c.2: res[15]=[mem 0x00100000-0x000fffff 64bit pref] res_to_dev_res add_size 200000 min_align 100000
[12194.961019] pcieport 0000:00:1c.2: res[15]=[mem 0x00100000-0x002fffff 64bit pref] res_to_dev_res add_size 200000 min_align 100000
[12194.961020] pcieport 0000:00:1c.0: res[13]=[io  0x1000-0x0fff] res_to_dev_res add_size 1000 min_align 1000
[12194.961021] pcieport 0000:00:1c.0: res[13]=[io  0x1000-0x1fff] res_to_dev_res add_size 1000 min_align 1000
[12194.961022] pcieport 0000:00:1c.2: res[13]=[io  0x1000-0x0fff] res_to_dev_res add_size 1000 min_align 1000
[12194.961023] pcieport 0000:00:1c.2: res[13]=[io  0x1000-0x1fff] res_to_dev_res add_size 1000 min_align 1000
[12194.961028] pcieport 0000:00:1c.0: BAR 14: assigned [mem 0xf2400000-0xf25fffff]
[12194.961036] pcieport 0000:00:1c.0: BAR 15: assigned [mem 0xf2600000-0xf27fffff 64bit pref]
[12194.961042] pcieport 0000:00:1c.2: BAR 15: assigned [mem 0xf2800000-0xf29fffff 64bit pref]
[12194.961046] pcieport 0000:00:1c.0: BAR 13: assigned [io  0x3000-0x3fff]
[12194.961049] pcieport 0000:00:1c.2: BAR 13: assigned [io  0x4000-0x4fff]
[12194.961503] i915 0000:00:02.0: BAR 6: [??? 0x00000000 flags 0x2] has bogus alignment
[12194.961591] i915 0000:00:02.0: BAR 6: [??? 0x00000000 flags 0x2] has bogus alignment
[12194.961648] i915 0000:00:02.0: BAR 6: [??? 0x00000000 flags 0x2] has bogus alignment
[12194.961849] i915 0000:00:02.0: BAR 6: [??? 0x00000000 flags 0x2] has bogus alignment
[12194.961885] i915 0000:00:02.0: BAR 6: [??? 0x00000000 flags 0x2] has bogus alignment
[12194.962034] i915 0000:00:02.0: BAR 6: [??? 0x00000000 flags 0x2] has bogus alignment
[12194.978917] wlp4s0: deauthenticating from c0:56:27:ae:ae:78 by local choice (Reason: 3=DEAUTH_LEAVING)
[12195.001284] cfg80211: World regulatory domain updated:
[12195.001286] cfg80211:  DFS Master region: unset
[12195.001287] cfg80211:   (start_freq - end_freq @ bandwidth), (max_antenna_gain, max_eirp), (dfs_cac_time)
[12195.001288] cfg80211:   (2402000 KHz - 2472000 KHz @ 40000 KHz), (N/A, 2000 mBm), (N/A)
[12195.001289] cfg80211:   (2457000 KHz - 2482000 KHz @ 40000 KHz), (N/A, 2000 mBm), (N/A)
[12195.001290] cfg80211:   (2474000 KHz - 2494000 KHz @ 20000 KHz), (N/A, 2000 mBm), (N/A)
[12195.001292] cfg80211:   (5170000 KHz - 5250000 KHz @ 80000 KHz, 160000 KHz AUTO), (N/A, 2000 mBm), (N/A)
[12195.001293] cfg80211:   (5250000 KHz - 5330000 KHz @ 80000 KHz, 160000 KHz AUTO), (N/A, 2000 mBm), (0 s)
[12195.001294] cfg80211:   (5490000 KHz - 5730000 KHz @ 160000 KHz), (N/A, 2000 mBm), (0 s)
[12195.001295] cfg80211:   (5735000 KHz - 5835000 KHz @ 80000 KHz), (N/A, 2000 mBm), (N/A)
[12195.001296] cfg80211:   (57240000 KHz - 63720000 KHz @ 2160000 KHz), (N/A, 0 mBm), (N/A)
[12195.953398] PM: Syncing filesystems ... done.
[12196.269902] PM: Preparing system for sleep (mem)
[12196.270100] Freezing user space processes ... (elapsed 0.001 seconds) done.
[12196.271776] Freezing remaining freezable tasks ... (elapsed 0.001 seconds) done.
[12196.272928] PM: Suspending system (mem)
[12196.272949] Suspending console(s) (use no_console_suspend to debug)
[12196.273288] sd 4:0:0:0: [sda] Synchronizing SCSI cache
[12196.422891] sd 4:0:0:0: [sda] Stopping disk
[12196.722039] nouveau 0000:01:00.0: DRM: resuming kernel object tree...
[12197.360510] nouveau 0000:01:00.0: bus: MMIO write of 00000002 FAULT at 4188ac [ IBUS ]
[12197.546456] nouveau 0000:01:00.0: DRM: resuming client object trees...
[12197.546593] nouveau 0000:01:00.0: DRM: evicting buffers...
[12197.546595] nouveau 0000:01:00.0: DRM: waiting for kernel channels to go idle...
[12197.546619] nouveau 0000:01:00.0: DRM: suspending client object trees...
[12197.552123] nouveau 0000:01:00.0: DRM: suspending kernel object tree...
[12198.646284] PM: suspend of devices complete after 2373.251 msecs
[12198.665975] PM: late suspend of devices complete after 19.687 msecs
[12198.666564] ehci-pci 0000:00:1d.0: System wakeup enabled by ACPI
[12198.666708] r8169 0000:05:00.0: System wakeup enabled by ACPI
[12198.666826] ehci-pci 0000:00:1a.0: System wakeup enabled by ACPI
[12198.666835] xhci_hcd 0000:00:14.0: System wakeup enabled by ACPI
[12198.681962] PM: noirq suspend of devices complete after 15.985 msecs
[12198.682250] ACPI: Preparing to enter system sleep state S3
[12198.698764] ACPI : EC: EC stopped
[12198.698765] PM: Saving platform NVS memory
[12198.698796] Disabling non-boot CPUs ...
[12198.699030] Broke affinity for irq 29
[12198.700045] smpboot: CPU 1 is now offline
[12198.710579] Broke affinity for irq 29
[12198.711597] smpboot: CPU 2 is now offline
[12198.722547] Broke affinity for irq 29
[12198.722551] Broke affinity for irq 31
[12198.723571] smpboot: CPU 3 is now offline
[12198.738486] Broke affinity for irq 18
[12198.738494] Broke affinity for irq 28
[12198.738497] Broke affinity for irq 29
[12198.738499] Broke affinity for irq 31
[12198.739514] smpboot: CPU 4 is now offline
[12198.750425] Broke affinity for irq 16
[12198.750427] Broke affinity for irq 18
[12198.750434] Broke affinity for irq 28
[12198.750436] Broke affinity for irq 29
[12198.750438] Broke affinity for irq 31
[12198.751446] smpboot: CPU 5 is now offline
[12198.762376] Broke affinity for irq 16
[12198.762378] Broke affinity for irq 18
[12198.762381] Broke affinity for irq 23
[12198.762385] Broke affinity for irq 28
[12198.762387] Broke affinity for irq 29
[12198.762389] Broke affinity for irq 31
[12198.763398] smpboot: CPU 6 is now offline
